Component: ARM Compiler 6.14 Tool: armlink [5db06800]

==============================================================================

Section Cross References

    b_m_o_current_sense.o(.text) refers (Special) to _printf_dec.o(.text) for _printf_int_dec
    b_m_o_current_sense.o(.text) refers (Special) to _printf_percent.o(.ARM.Collect$$_printf_percent$$00000000) for _printf_percent
    b_m_o_current_sense.o(.text) refers (Special) to _printf_u.o(.ARM.Collect$$_printf_percent$$0000000A) for _printf_u
    b_m_o_current_sense.o(.text.main) refers (Special) to _printf_dec.o(.text) for _printf_int_dec
    b_m_o_current_sense.o(.text.main) refers (Special) to _printf_percent.o(.ARM.Collect$$_printf_percent$$00000000) for _printf_percent
    b_m_o_current_sense.o(.text.main) refers (Special) to _printf_u.o(.ARM.Collect$$_printf_percent$$0000000A) for _printf_u
    b_m_o_current_sense.o(.text.main) refers to b_m_o_current_sense.o(.text.PLL_Init) for PLL_Init
    b_m_o_current_sense.o(.text.main) refers to b_m_o_current_sense.o(.text.GPIO_Init) for GPIO_Init
    b_m_o_current_sense.o(.text.main) refers to b_m_o_current_sense.o(.text.ADC0_Init) for ADC0_Init
    b_m_o_current_sense.o(.text.main) refers to b_m_o_current_sense.o(.text.UART0_Init) for UART0_Init
    b_m_o_current_sense.o(.text.main) refers to b_m_o_current_sense.o(.text.Timer1_Capture_Init) for Timer1_Capture_Init
    b_m_o_current_sense.o(.text.main) refers to b_m_o_current_sense.o(.text.Timer3A_Pulse1_Init) for Timer3A_Pulse1_Init
    b_m_o_current_sense.o(.text.main) refers to b_m_o_current_sense.o(.text.Timer2A_Pulse2_Init) for Timer2A_Pulse2_Init
    b_m_o_current_sense.o(.text.main) refers to b_m_o_current_sense.o(.text.Timer0A_50Hz_Init) for Timer0A_50Hz_Init
    b_m_o_current_sense.o(.text.main) refers to b_m_o_current_sense.o(.text.set_pulse1_us) for set_pulse1_us
    b_m_o_current_sense.o(.text.main) refers to b_m_o_current_sense.o(.text.set_pulse2_us) for set_pulse2_us
    b_m_o_current_sense.o(.text.main) refers to b_m_o_current_sense.o(.bss.newPeriod1) for newPeriod1
    b_m_o_current_sense.o(.text.main) refers to b_m_o_current_sense.o(.bss.newPeriod2) for newPeriod2
    b_m_o_current_sense.o(.text.main) refers to b_m_o_current_sense.o(.bss.current1_f) for current1_f
    b_m_o_current_sense.o(.text.main) refers to b_m_o_current_sense.o(.bss.current2_f) for current2_f
    b_m_o_current_sense.o(.text.main) refers to b_m_o_current_sense.o(.bss.rpm2) for rpm2
    b_m_o_current_sense.o(.text.main) refers to b_m_o_current_sense.o(.text.readCurrent) for readCurrent
    b_m_o_current_sense.o(.text.main) refers to b_m_o_current_sense.o(.bss.current1) for current1
    b_m_o_current_sense.o(.text.main) refers to b_m_o_current_sense.o(.bss.current2) for current2
    b_m_o_current_sense.o(.text.main) refers to b_m_o_current_sense.o(.bss.rpm1) for rpm1
    b_m_o_current_sense.o(.text.main) refers to noretval__2sprintf.o(.text) for __2sprintf
    b_m_o_current_sense.o(.text.main) refers to b_m_o_current_sense.o(.text.UART0_SendString) for UART0_SendString
    b_m_o_current_sense.o(.text.main) refers to b_m_o_current_sense.o(.text.ADC0_Read) for ADC0_Read
    b_m_o_current_sense.o(.text.main) refers to b_m_o_current_sense.o(.data.pulse1_us) for pulse1_us
    b_m_o_current_sense.o(.text.main) refers to b_m_o_current_sense.o(.data.pulse2_us) for pulse2_us
    b_m_o_current_sense.o(.text.main) refers to b_m_o_current_sense.o(.bss.period1_ticks) for period1_ticks
    b_m_o_current_sense.o(.text.main) refers to b_m_o_current_sense.o(.text.computeRPM) for computeRPM
    b_m_o_current_sense.o(.text.main) refers to b_m_o_current_sense.o(.bss.period2_ticks) for period2_ticks
    b_m_o_current_sense.o(.ARM.exidx.text.main) refers (Special) to _printf_dec.o(.text) for _printf_int_dec
    b_m_o_current_sense.o(.ARM.exidx.text.main) refers (Special) to _printf_percent.o(.ARM.Collect$$_printf_percent$$00000000) for _printf_percent
    b_m_o_current_sense.o(.ARM.exidx.text.main) refers (Special) to _printf_u.o(.ARM.Collect$$_printf_percent$$0000000A) for _printf_u
    b_m_o_current_sense.o(.ARM.exidx.text.main) refers to b_m_o_current_sense.o(.text.main) for [Anonymous Symbol]
    b_m_o_current_sense.o(.text.PLL_Init) refers (Special) to _printf_dec.o(.text) for _printf_int_dec
    b_m_o_current_sense.o(.text.PLL_Init) refers (Special) to _printf_percent.o(.ARM.Collect$$_printf_percent$$00000000) for _printf_percent
    b_m_o_current_sense.o(.text.PLL_Init) refers (Special) to _printf_u.o(.ARM.Collect$$_printf_percent$$0000000A) for _printf_u
    b_m_o_current_sense.o(.ARM.exidx.text.PLL_Init) refers (Special) to _printf_dec.o(.text) for _printf_int_dec
    b_m_o_current_sense.o(.ARM.exidx.text.PLL_Init) refers (Special) to _printf_percent.o(.ARM.Collect$$_printf_percent$$00000000) for _printf_percent
    b_m_o_current_sense.o(.ARM.exidx.text.PLL_Init) refers (Special) to _printf_u.o(.ARM.Collect$$_printf_percent$$0000000A) for _printf_u
[...]
    b_m_o_current_sense.o(.ARM.exidx.text.TIMER0A_Handler) refers (Special) to _printf_dec.o(.text) for _printf_int_dec
    b_m_o_current_sense.o(.ARM.exidx.text.TIMER0A_Handler) refers (Special) to _printf_percent.o(.ARM.Collect$$_printf_percent$$00000000) for _printf_percent
    b_m_o_current_sense.o(.ARM.exidx.text.TIMER0A_Handler) refers (Special) to _printf_u.o(.ARM.Collect$$_printf_percent$$0000000A) for _printf_u
    b_m_o_current_sense.o(.ARM.exidx.text.TIMER0A_Handler) refers to b_m_o_current_sense.o(.text.TIMER0A_Handler) for [Anonymous Symbol]
    b_m_o_current_sense.o(.text.TIMER3A_Handler) refers (Special) to _printf_dec.o(.text) for _printf_int_dec
    b_m_o_current_sense.o(.text.TIMER3A_Handler) refers (Special) to _printf_percent.o(.ARM.Collect$$_printf_percent$$00000000) for _printf_percent
    b_m_o_current_sense.o(.text.TIMER3A_Handler) refers (Special) to _printf_u.o(.ARM.Collect$$_printf_percent$$0000000A) for _printf_u
    b_m_o_current_sense.o(.ARM.exidx.text.TIMER3A_Handler) refers (Special) to _printf_dec.o(.text) for _printf_int_dec
    b_m_o_current_sense.o(.ARM.exidx.text.TIMER3A_Handler) refers (Special) to _printf_percent.o(.ARM.Collect$$_printf_percent$$00000000) for _printf_percent
    b_m_o_current_sense.o(.ARM.exidx.text.TIMER3A_Handler) refers (Special) to _printf_u.o(.ARM.Collect$$_printf_percent$$0000000A) for _printf_u
    b_m_o_current_sense.o(.ARM.exidx.text.TIMER3A_Handler) refers to b_m_o_current_sense.o(.text.TIMER3A_Handler) for [Anonymous Symbol]
    b_m_o_current_sense.o(.text.TIMER2A_Handler) refers (Special) to _printf_dec.o(.text) for _printf_int_dec
    b_m_o_current_sense.o(.text.TIMER2A_Handler) refers (Special) to _printf_percent.o(.ARM.Collect$$_printf_percent$$00000000) for _printf_percent
    b_m_o_current_sense.o(.text.TIMER2A_Handler) refers (Special) to _printf_u.o(.ARM.Collect$$_printf_percent$$0000000A) for _printf_u
    b_m_o_current_sense.o(.ARM.exidx.text.TIMER2A_Handler) refers (Special) to _printf_dec.o(.text) for _printf_int_dec
    b_m_o_current_sense.o(.ARM.exidx.text.TIMER2A_Handler) refers (Special) to _printf_percent.o(.ARM.Collect$$_printf_percent$$00000000) for _printf_percent
    b_m_o_current_sense.o(.ARM.exidx.text.TIMER2A_Handler) refers (Special) to _printf_u.o(.ARM.Collect$$_printf_percent$$0000000A) for _printf_u
    b_m_o_current_sense.o(.ARM.exidx.text.TIMER2A_Handler) refers to b_m_o_current_sense.o(.text.TIMER2A_Handler) for [Anonymous Symbol]
    b_m_o_current_sense.o(.text.TIMER1A_Handler) refers (Special) to _printf_dec.o(.text) for _printf_int_dec
    b_m_o_current_sense.o(.text.TIMER1A_Handler) refers (Special) to _printf_percent.o(.ARM.Collect$$_printf_percent$$00000000) for _printf_percent
    b_m_o_current_sense.o(.text.TIMER1A_Handler) refers (Special) to _printf_u.o(.ARM.Collect$$_printf_percent$$0000000A) for _printf_u
    b_m_o_current_sense.o(.text.TIMER1A_Handler) refers to b_m_o_current_sense.o(.bss.TIMER1A_Handler.lastCap1) for TIMER1A_Handler.lastCap1
    b_m_o_current_sense.o(.text.TIMER1A_Handler) refers to b_m_o_current_sense.o(.bss.period1_ticks) for period1_ticks
    b_m_o_current_sense.o(.text.TIMER1A_Handler) refers to b_m_o_current_sense.o(.bss.newPeriod1) for newPeriod1
    b_m_o_current_sense.o(.ARM.exidx.text.TIMER1A_Handler) refers (Special) to _printf_dec.o(.text) for _printf_int_dec
    b_m_o_current_sense.o(.ARM.exidx.text.TIMER1A_Handler) refers (Special) to _printf_percent.o(.ARM.Collect$$_printf_percent$$00000000) for _printf_percent
    b_m_o_current_sense.o(.ARM.exidx.text.TIMER1A_Handler) refers (Special) to _printf_u.o(.ARM.Collect$$_printf_percent$$0000000A) for _printf_u
    b_m_o_current_sense.o(.ARM.exidx.text.TIMER1A_Handler) refers to b_m_o_current_sense.o(.text.TIMER1A_Handler) for [Anonymous Symbol]
    b_m_o_current_sense.o(.text.TIMER1B_Handler) refers (Special) to _printf_dec.o(.text) for _printf_int_dec
    b_m_o_current_sense.o(.text.TIMER1B_Handler) refers (Special) to _printf_percent.o(.ARM.Collect$$_printf_percent$$00000000) for _printf_percent
    b_m_o_current_sense.o(.text.TIMER1B_Handler) refers (Special) to _printf_u.o(.ARM.Collect$$_printf_percent$$0000000A) for _printf_u
    b_m_o_current_sense.o(.text.TIMER1B_Handler) refers to b_m_o_current_sense.o(.bss.TIMER1B_Handler.lastCap2) for TIMER1B_Handler.lastCap2
    b_m_o_current_sense.o(.text.TIMER1B_Handler) refers to b_m_o_current_sense.o(.bss.period2_ticks) for period2_ticks
    b_m_o_current_sense.o(.text.TIMER1B_Handler) refers to b_m_o_current_sense.o(.bss.newPeriod2) for newPeriod2
    b_m_o_current_sense.o(.ARM.exidx.text.TIMER1B_Handler) refers (Special) to _printf_dec.o(.text) for _printf_int_dec
    b_m_o_current_sense.o(.ARM.exidx.text.TIMER1B_Handler) refers (Special) to _printf_percent.o(.ARM.Collect$$_printf_percent$$00000000) for _printf_percent
    b_m_o_current_sense.o(.ARM.exidx.text.TIMER1B_Handler) refers (Special) to _printf_u.o(.ARM.Collect$$_printf_percent$$0000000A) for _printf_u
    b_m_o_current_sense.o(.ARM.exidx.text.TIMER1B_Handler) refers to b_m_o_current_sense.o(.text.TIMER1B_Handler) for [Anonymous Symbol]
    b_m_o_current_sense.o(.data.pulse1_us) refers (Special) to _printf_dec.o(.text) for _printf_int_dec
    b_m_o_current_sense.o(.data.pulse1_us) refers (Special) to _printf_percent.o(.ARM.Collect$$_printf_percent$$00000000) for _printf_percent
    b_m_o_current_sense.o(.data.pulse1_us) refers (Special) to _printf_u.o(.ARM.Collect$$_printf_percent$$0000000A) for _printf_u
    b_m_o_current_sense.o(.data.pulse2_us) refers (Special) to _printf_dec.o(.text) for _printf_int_dec
    b_m_o_current_sense.o(.data.pulse2_us) refers (Special) to _printf_percent.o(.ARM.Collect$$_printf_percent$$00000000) for _printf_percent
    b_m_o_current_sense.o(.data.pulse2_us) refers (Special) to _printf_u.o(.ARM.Collect$$_printf_percent$$0000000A) for _printf_u
    b_m_o_current_sense.o(.bss.rpm1) refers (Special) to _printf_dec.o(.text) for _printf_int_dec
    b_m_o_current_sense.o(.bss.rpm1) refers (Special) to _printf_percent.o(.ARM.Collect$$_printf_percent$$00000000) for _printf_percent
    b_m_o_current_sense.o(.bss.rpm1) refers (Special) to _printf_u.o(.ARM.Collect$$_printf_percent$$0000000A) for _printf_u
    b_m_o_current_sense.o(.bss.rpm2) refers (Special) to _printf_dec.o(.text) for _printf_int_dec
    b_m_o_current_sense.o(.bss.rpm2) refers (Special) to _printf_percent.o(.ARM.Collect$$_printf_percent$$00000000) for _printf_percent
    b_m_o_current_sense.o(.bss.rpm2) refers (Special) to _printf_u.o(.ARM.Collect$$_printf_percent$$0000000A) for _printf_u
    b_m_o_current_sense.o(.bss.period1_ticks) refers (Special) to _printf_dec.o(.text) for _printf_int_dec
    b_m_o_current_sense.o(.bss.period1_ticks) refers (Special) to _printf_percent.o(.ARM.Collect$$_printf_percent$$00000000) for _printf_percent
    b_m_o_current_sense.o(.bss.period1_ticks) refers (Special) to _printf_u.o(.ARM.Collect$$_printf_percent$$0000000A) for _printf_u
    b_m_o_current_sense.o(.bss.period2_ticks) refers (Special) to _printf_dec.o(.text) for _printf_int_dec
    b_m_o_current_sense.o(.bss.period2_ticks) refers (Special) to _printf_percent.o(.ARM.Collect$$_printf_percent$$00000000) for _printf_percent
    b_m_o_current_sense.o(.bss.period2_ticks) refers (Special) to _printf_u.o(.ARM.Collect$$_printf_percent$$0000000A) for _printf_u
    b_m_o_current_sense.o(.bss.newPeriod1) refers (Special) to _printf_dec.o(.text) for _printf_int_dec
    b_m_o_current_sense.o(.bss.newPeriod1) refers (Special) to _printf_percent.o(.ARM.Collect$$_printf_percent$$00000000) for _printf_percent
    b_m_o_current_sense.o(.bss.newPeriod1) refers (Special) to _printf_u.o(.ARM.Collect$$_printf_percent$$0000000A) for _printf_u
    b_m_o_current_sense.o(.bss.newPeriod2) refers (Special) to _printf_dec.o(.text) for _printf_int_dec
    b_m_o_current_sense.o(.bss.newPeriod2) refers (Special) to _printf_percent.o(.ARM.Collect$$_printf_percent$$00000000) for _printf_percent
    b_m_o_current_sense.o(.bss.newPeriod2) refers (Special) to _printf_u.o(.ARM.Collect$$_printf_percent$$0000000A) for _printf_u
    b_m_o_current_sense.o(.bss.current1) refers (Special) to _printf_dec.o(.text) for _printf_int_dec
    b_m_o_current_sense.o(.bss.current1) refers (Special) to _printf_percent.o(.ARM.Collect$$_printf_percent$$00000000) for _printf_percent
    b_m_o_current_sense.o(.bss.current1) refers (Special) to _printf_u.o(.ARM.Collect$$_printf_percent$$0000000A) for _printf_u
    b_m_o_current_sense.o(.bss.current2) refers (Special) to _printf_dec.o(.text) for _printf_int_dec
    b_m_o_current_sense.o(.bss.current2) refers (Special) to _printf_percent.o(.ARM.Collect$$_printf_percent$$00000000) for _printf_percent
    b_m_o_current_sense.o(.bss.current2) refers (Special) to _printf_u.o(.ARM.Collect$$_printf_percent$$0000000A) for _printf_u
    b_m_o_current_sense.o(.bss.current1_f) refers (Special) to _printf_dec.o(.text) for _printf_int_dec
    b_m_o_current_sense.o(.bss.current1_f) refers (Special) to _printf_percent.o(.ARM.Collect$$_printf_percent$$00000000) for _printf_percent
    b_m_o_current_sense.o(.bss.current1_f) refers (Special) to _printf_u.o(.ARM.Collect$$_printf_percent$$0000000A) for _printf_u
    b_m_o_current_sense.o(.bss.current2_f) refers (Special) to _printf_dec.o(.text) for _printf_int_dec
    b_m_o_current_sense.o(.bss.current2_f) refers (Special) to _printf_percent.o(.ARM.Collect$$_printf_percent$$00000000) for _printf_percent
    b_m_o_current_sense.o(.bss.current2_f) refers (Special) to _printf_u.o(.ARM.Collect$$_printf_percent$$0000000A) for _printf_u
    b_m_o_current_sense.o(.bss.TIMER1A_Handler.lastCap1) refers (Special) to _printf_dec.o(.text) for _printf_int_dec
    b_m_o_current_sense.o(.bss.TIMER1A_Handler.lastCap1) refers (Special) to _printf_percent.o(.ARM.Collect$$_printf_percent$$00000000) for _printf_percent
    b_m_o_current_sense.o(.bss.TIMER1A_Handler.lastCap1) refers (Special) to _printf_u.o(.ARM.Collect$$_printf_percent$$0000000A) for _printf_u
    b_m_o_current_sense.o(.bss.TIMER1B_Handler.lastCap2) refers (Special) to _printf_dec.o(.text) for _printf_int_dec
    b_m_o_current_sense.o(.bss.TIMER1B_Handler.lastCap2) refers (Special) to _printf_percent.o(.ARM.Collect$$_printf_percent$$00000000) for _printf_percent
    b_m_o_current_sense.o(.bss.TIMER1B_Handler.lastCap2) refers (Special) to _printf_u.o(.ARM.Collect$$_printf_percent$$0000000A) for _printf_u
    b_m_o_current_sense.o(.ARM.use_no_argv) refers (Special) to _printf_dec.o(.text) for _printf_int_dec
    b_m_o_current_sense.o(.ARM.use_no_argv) refers (Special) to _printf_percent.o(.ARM.Collect$$_printf_percent$$00000000) for _printf_percent
    b_m_o_current_sense.o(.ARM.use_no_argv) refers (Special) to _printf_u.o(.ARM.Collect$$_printf_percent$$0000000A) for _printf_u
    startup_tm4c123.o(STACK) refers (Special) to heapauxi.o(.text) for __use_two_region_memory
    startup_tm4c123.o(HEAP) refers (Special) to heapauxi.o(.text) for __use_two_region_memory
    startup_tm4c123.o(RESET) refers (Special) to heapauxi.o(.text) for __use_two_region_memory
    startup_tm4c123.o(RESET) refers to startup_tm4c123.o(STACK) for __initial_sp
    startup_tm4c123.o(RESET) refers to startup_tm4c123.o(.text) for Reset_Handler
    startup_tm4c123.o(RESET) refers to b_m_o_current_sense.o(.text.TIMER0A_Handler) for TIMER0A_Handler
    startup_tm4c123.o(RESET) refers to b_m_o_current_sense.o(.text.TIMER1A_Handler) for TIMER1A_Handler
    startup_tm4c123.o(RESET) refers to b_m_o_current_sense.o(.text.TIMER1B_Handler) for TIMER1B_Handler
    startup_tm4c123.o(RESET) refers to b_m_o_current_sense.o(.text.TIMER2A_Handler) for TIMER2A_Handler
    startup_tm4c123.o(RESET) refers to b_m_o_current_sense.o(.text.TIMER3A_Handler) for TIMER3A_Handler
    startup_tm4c123.o(.text) refers (Special) to heapauxi.o(.text) for __use_two_region_memory
    startup_tm4c123.o(.text) refers to system_tm4c123.o(.text.SystemInit) for SystemInit
    startup_tm4c123.o(.text) refers to __main.o(!!!main) for __main
    startup_tm4c123.o(.text) refers to startup_tm4c123.o(HEAP) for Heap_Mem
    startup_tm4c123.o(.text) refers to startup_tm4c123.o(STACK) for Stack_Mem
    system_tm4c123.o(.text.SystemCoreClockUpdate) refers to system_tm4c123.o(.text.getOscClk) for getOscClk
    system_tm4c123.o(.text.SystemCoreClockUpdate) refers to system_tm4c123.o(.data.SystemCoreClock) for SystemCoreClock
    system_tm4c123.o(.ARM.exidx.text.SystemCoreClockUpdate) refers to system_tm4c123.o(.text.SystemCoreClockUpdate) for [Anonymous Symbol]
    system_tm4c123.o(.text.getOscClk) refers to system_tm4c123.o(.rodata..Lswitch.table.getOscClk) for .Lswitch.table.getOscClk
    system_tm4c123.o(.ARM.exidx.text.getOscClk) refers to system_tm4c123.o(.text.getOscClk) for [Anonymous Symbol]
    system_tm4c123.o(.ARM.exidx.text.SystemInit) refers to system_tm4c123.o(.text.SystemInit) for [Anonymous Symbol]
    __2sprintf.o(.text) refers to _printf_char_common.o(.text) for _printf_char_common
    __2sprintf.o(.text) refers to _sputc.o(.text) for _sputc
    noretval__2sprintf.o(.text) refers to _printf_char_common.o(.text) for _printf_char_common
    noretval__2sprintf.o(.text) refers to _sputc.o(.text) for _sputc
    __printf.o(.text) refers to _printf_percent.o(.ARM.Collect$$_printf_percent$$00000000) for _printf_percent
    _printf_dec.o(.text) refers to _printf_intcommon.o(.text) for _printf_int_common
    __printf_flags.o(.text) refers to _printf_percent.o(.ARM.Collect$$_printf_percent$$00000000) for _printf_percent
    __printf_flags.o(.text) refers to __printf_flags.o(.constdata) for .constdata
    __printf_ss.o(.text) refers to _printf_percent.o(.ARM.Collect$$_printf_percent$$00000000) for _printf_percent
    __printf_flags_ss.o(.text) refers to _printf_percent.o(.ARM.Collect$$_printf_percent$$00000000) for _printf_percent
    __printf_flags_ss.o(.text) refers to __printf_flags_ss.o(.constdata) for .constdata
    __printf_wp.o(.text) refers to __printf_wp.o(i._is_digit) for _is_digit
    __printf_wp.o(.text) refers to _printf_percent.o(.ARM.Collect$$_printf_percent$$00000000) for _printf_percent
    __printf_flags_wp.o(.text) refers to __printf_wp.o(i._is_digit) for _is_digit
    __printf_flags_wp.o(.text) refers to _printf_percent.o(.ARM.Collect$$_printf_percent$$00000000) for _printf_percent
    __printf_flags_wp.o(.text) refers to __printf_flags_wp.o(.constdata) for .constdata
    __printf_ss_wp.o(.text) refers to __printf_wp.o(i._is_digit) for _is_digit
    __printf_ss_wp.o(.text) refers to _printf_percent.o(.ARM.Collect$$_printf_percent$$00000000) for _printf_percent
    __printf_flags_ss_wp.o(.text) refers to __printf_wp.o(i._is_digit) for _is_digit
    __printf_flags_ss_wp.o(.text) refers to _printf_percent.o(.ARM.Collect$$_printf_percent$$00000000) for _printf_percent
    __printf_flags_ss_wp.o(.text) refers to __printf_flags_ss_wp.o(.constdata) for .constdata
    _printf_u.o(.ARM.Collect$$_printf_percent$$0000000A) refers (Weak) to _printf_dec.o(.text) for _printf_int_dec
    _printf_percent.o(.ARM.Collect$$_printf_percent$$00000000) refers (Special) to _printf_percent_end.o(.ARM.Collect$$_printf_percent$$00000017) for _printf_percent_end
    __main.o(!!!main) refers to __rtentry.o(.ARM.Collect$$rtentry$$00000000) for __rt_entry
    __rtentry.o(.ARM.Collect$$rtentry$$00000000) refers (Special) to __rtentry2.o(.ARM.Collect$$rtentry$$0000000A) for __rt_entry_li
    __rtentry.o(.ARM.Collect$$rtentry$$00000000) refers (Special) to __rtentry2.o(.ARM.Collect$$rtentry$$0000000D) for __rt_entry_main
    __rtentry.o(.ARM.Collect$$rtentry$$00000000) refers (Special) to __rtentry2.o(.ARM.Collect$$rtentry$$0000000C) for __rt_entry_postli_1
    __rtentry.o(.ARM.Collect$$rtentry$$00000000) refers (Special) to __rtentry2.o(.ARM.Collect$$rtentry$$00000009) for __rt_entry_postsh_1
    __rtentry.o(.ARM.Collect$$rtentry$$00000000) refers (Special) to __rtentry2.o(.ARM.Collect$$rtentry$$00000002) for __rt_entry_presh_1
    __rtentry.o(.ARM.Collect$$rtentry$$00000000) refers (Special) to __rtentry4.o(.ARM.Collect$$rtentry$$00000004) for __rt_entry_sh
    _printf_char_common.o(.text) refers to __printf_ss.o(.text) for __printf
    __rtentry2.o(.ARM.Collect$$rtentry$$00000008) refers to boardinit2.o(.text) for _platform_post_stackheap_init
    __rtentry2.o(.ARM.Collect$$rtentry$$0000000A) refers to libinit.o(.ARM.Collect$$libinit$$00000000) for __rt_lib_init
    __rtentry2.o(.ARM.Collect$$rtentry$$0000000B) refers to boardinit3.o(.text) for _platform_post_lib_init
    __rtentry2.o(.ARM.Collect$$rtentry$$0000000D) refers to b_m_o_current_sense.o(.text.main) for main
    __rtentry2.o(.ARM.Collect$$rtentry$$0000000D) refers to exit.o(.text) for exit
    __rtentry2.o(.ARM.exidx) refers to __rtentry2.o(.ARM.Collect$$rtentry$$00000001) for .ARM.Collect$$rtentry$$00000001
    __rtentry2.o(.ARM.exidx) refers to __rtentry2.o(.ARM.Collect$$rtentry$$00000008) for .ARM.Collect$$rtentry$$00000008
    __rtentry2.o(.ARM.exidx) refers to __rtentry2.o(.ARM.Collect$$rtentry$$0000000A) for .ARM.Collect$$rtentry$$0000000A
    __rtentry2.o(.ARM.exidx) refers to __rtentry2.o(.ARM.Collect$$rtentry$$0000000B) for .ARM.Collect$$rtentry$$0000000B
    __rtentry2.o(.ARM.exidx) refers to __rtentry2.o(.ARM.Collect$$rtentry$$0000000D) for .ARM.Collect$$rtentry$$0000000D
    __rtentry4.o(.ARM.Collect$$rtentry$$00000004) refers to sys_stackheap_outer.o(.text) for __user_setup_stackheap
    __rtentry4.o(.ARM.exidx) refers to __rtentry4.o(.ARM.Collect$$rtentry$$00000004) for .ARM.Collect$$rtentry$$00000004
    sys_stackheap_outer.o(.text) refers to libspace.o(.text) for __user_perproc_libspace
    sys_stackheap_outer.o(.text) refers to startup_tm4c123.o(.text) for __user_initial_stackheap
    exit.o(.text) refers to rtexit.o(.ARM.Collect$$rtexit$$00000000) for __rt_exit
    libinit.o(.ARM.Collect$$libinit$$00000000) refers (Special) to libinit2.o(.ARM.Collect$$libinit$$0000002E) for __rt_lib_init_alloca_1
    libinit.o(.ARM.Collect$$libinit$$00000000) refers (Special) to libinit2.o(.ARM.Collect$$libinit$$0000002C) for __rt_lib_init_argv_1
    libinit.o(.ARM.Collect$$libinit$$00000000) refers (Special) to libinit2.o(.ARM.Collect$$libinit$$0000001B) for __rt_lib_init_atexit_1
    libinit.o(.ARM.Collect$$libinit$$00000000) refers (Special) to libinit2.o(.ARM.Collect$$libinit$$00000021) for __rt_lib_init_clock_1
    libinit.o(.ARM.Collect$$libinit$$00000000) refers (Special) to libinit2.o(.ARM.Collect$$libinit$$00000032) for __rt_lib_init_cpp_1
    libinit.o(.ARM.Collect$$libinit$$00000000) refers (Special) to libinit2.o(.ARM.Collect$$libinit$$00000030) for __rt_lib_init_exceptions_1
    libinit.o(.ARM.Collect$$libinit$$00000000) refers (Special) to libinit2.o(.ARM.Collect$$libinit$$00000001) for __rt_lib_init_fp_1
    libinit.o(.ARM.Collect$$libinit$$00000000) refers (Special) to libinit2.o(.ARM.Collect$$libinit$$0000001F) for __rt_lib_init_fp_trap_1
    libinit.o(.ARM.Collect$$libinit$$00000000) refers (Special) to libinit2.o(.ARM.Collect$$libinit$$00000023) for __rt_lib_init_getenv_1
    libinit.o(.ARM.Collect$$libinit$$00000000) refers (Special) to libinit2.o(.ARM.Collect$$libinit$$0000000A) for __rt_lib_init_heap_1
    libinit.o(.ARM.Collect$$libinit$$00000000) refers (Special) to libinit2.o(.ARM.Collect$$libinit$$00000011) for __rt_lib_init_lc_collate_1
    libinit.o(.ARM.Collect$$libinit$$00000000) refers (Special) to libinit2.o(.ARM.Collect$$libinit$$00000013) for __rt_lib_init_lc_ctype_1
    libinit.o(.ARM.Collect$$libinit$$00000000) refers (Special) to libinit2.o(.ARM.Collect$$libinit$$00000015) for __rt_lib_init_lc_monetary_1
    libinit.o(.ARM.Collect$$libinit$$00000000) refers (Special) to libinit2.o(.ARM.Collect$$libinit$$00000017) for __rt_lib_init_lc_numeric_1
    libinit.o(.ARM.Collect$$libinit$$00000000) refers (Special) to libinit2.o(.ARM.Collect$$libinit$$00000019) for __rt_lib_init_lc_time_1
    libinit.o(.ARM.Collect$$libinit$$00000000) refers (Special) to libinit2.o(.ARM.Collect$$libinit$$00000004) for __rt_lib_init_preinit_1
    libinit.o(.ARM.Collect$$libinit$$00000000) refers (Special) to libinit2.o(.ARM.Collect$$libinit$$0000000E) for __rt_lib_init_rand_1
    libinit.o(.ARM.Collect$$libinit$$00000000) refers (Special) to libinit2.o(.ARM.Collect$$libinit$$00000033) for __rt_lib_init_return
    libinit.o(.ARM.Collect$$libinit$$00000000) refers (Special) to libinit2.o(.ARM.Collect$$libinit$$0000001D) for __rt_lib_init_signal_1
    libinit.o(.ARM.Collect$$libinit$$00000000) refers (Special) to libinit2.o(.ARM.Collect$$libinit$$00000025) for __rt_lib_init_stdio_1
    libinit.o(.ARM.Collect$$libinit$$00000000) refers (Special) to libinit2.o(.ARM.Collect$$libinit$$0000000C) for __rt_lib_init_user_alloc_1
    libspace.o(.text) refers to libspace.o(.bss) for __libspace_start
    rtexit.o(.ARM.Collect$$rtexit$$00000000) refers (Special) to rtexit2.o(.ARM.Collect$$rtexit$$00000004) for __rt_exit_exit
    rtexit.o(.ARM.Collect$$rtexit$$00000000) refers (Special) to rtexit2.o(.ARM.Collect$$rtexit$$00000003) for __rt_exit_ls
    rtexit.o(.ARM.Collect$$rtexit$$00000000) refers (Special) to rtexit2.o(.ARM.Collect$$rtexit$$00000002) for __rt_exit_prels_1
    rtexit.o(.ARM.exidx) refers (Special) to rtexit2.o(.ARM.Collect$$rtexit$$00000004) for __rt_exit_exit
    rtexit.o(.ARM.exidx) refers (Special) to rtexit2.o(.ARM.Collect$$rtexit$$00000003) for __rt_exit_ls
    rtexit.o(.ARM.exidx) refers (Special) to rtexit2.o(.ARM.Collect$$rtexit$$00000002) for __rt_exit_prels_1
    rtexit.o(.ARM.exidx) refers to rtexit.o(.ARM.Collect$$rtexit$$00000000) for .ARM.Collect$$rtexit$$00000000
    libinit2.o(.ARM.Collect$$libinit$$00000001) refers to fpinit.o(x$fpl$fpinit) for _fp_init
    libinit2.o(.ARM.Collect$$libinit$$00000010) refers to libinit2.o(.ARM.Collect$$libinit$$0000000F) for .ARM.Collect$$libinit$$0000000F
    libinit2.o(.ARM.Collect$$libinit$$00000012) refers to libinit2.o(.ARM.Collect$$libinit$$0000000F) for .ARM.Collect$$libinit$$0000000F
    libinit2.o(.ARM.Collect$$libinit$$00000014) refers to libinit2.o(.ARM.Collect$$libinit$$0000000F) for .ARM.Collect$$libinit$$0000000F
    libinit2.o(.ARM.Collect$$libinit$$00000016) refers to libinit2.o(.ARM.Collect$$libinit$$0000000F) for .ARM.Collect$$libinit$$0000000F
    libinit2.o(.ARM.Collect$$libinit$$00000018) refers to libinit2.o(.ARM.Collect$$libinit$$0000000F) for .ARM.Collect$$libinit$$0000000F
    libinit2.o(.ARM.Collect$$libinit$$00000026) refers to argv_veneer.o(.emb_text) for __ARM_argv_veneer
    libinit2.o(.ARM.Collect$$libinit$$00000027) refers to argv_veneer.o(.emb_text) for __ARM_argv_veneer
    rtexit2.o(.ARM.Collect$$rtexit$$00000003) refers to libshutdown.o(.ARM.Collect$$libshutdown$$00000000) for __rt_lib_shutdown
    rtexit2.o(.ARM.Collect$$rtexit$$00000004) refers to sys_exit.o(.text) for _sys_exit
    rtexit2.o(.ARM.exidx) refers to rtexit2.o(.ARM.Collect$$rtexit$$00000001) for .ARM.Collect$$rtexit$$00000001
    rtexit2.o(.ARM.exidx) refers to rtexit2.o(.ARM.Collect$$rtexit$$00000003) for .ARM.Collect$$rtexit$$00000003
    rtexit2.o(.ARM.exidx) refers to rtexit2.o(.ARM.Collect$$rtexit$$00000004) for .ARM.Collect$$rtexit$$00000004
    argv_veneer.o(.emb_text) refers to no_argv.o(.text) for __ARM_get_argv
    sys_exit.o(.text) refers (Special) to use_no_semi.o(.text) for __I$use$semihosting
    sys_exit.o(.text) refers (Special) to indicate_semi.o(.text) for __semihosting_library_function
    sys_exit_hlt.o(.text) refers (Special) to use_no_semi.o(.text) for __I$use$semihosting
    sys_exit_hlt.o(.text) refers (Special) to indicate_semi.o(.text) for __semihosting_library_function
    _get_argv_nomalloc.o(.text) refers (Special) to hrguard.o(.text) for __heap_region$guard
    _get_argv_nomalloc.o(.text) refers to defsig_rtmem_outer.o(.text) for __rt_SIGRTMEM
    _get_argv_nomalloc.o(.text) refers to sys_command.o(.text) for _sys_command_string
    libshutdown.o(.ARM.Collect$$libshutdown$$00000000) refers (Special) to libshutdown2.o(.ARM.Collect$$libshutdown$$00000002) for __rt_lib_shutdown_cpp_1
    libshutdown.o(.ARM.Collect$$libshutdown$$00000000) refers (Special) to libshutdown2.o(.ARM.Collect$$libshutdown$$00000007) for __rt_lib_shutdown_fp_trap_1
    libshutdown.o(.ARM.Collect$$libshutdown$$00000000) refers (Special) to libshutdown2.o(.ARM.Collect$$libshutdown$$0000000F) for __rt_lib_shutdown_heap_1
    libshutdown.o(.ARM.Collect$$libshutdown$$00000000) refers (Special) to libshutdown2.o(.ARM.Collect$$libshutdown$$00000010) for __rt_lib_shutdown_return
    libshutdown.o(.ARM.Collect$$libshutdown$$00000000) refers (Special) to libshutdown2.o(.ARM.Collect$$libshutdown$$0000000A) for __rt_lib_shutdown_signal_1
    libshutdown.o(.ARM.Collect$$libshutdown$$00000000) refers (Special) to libshutdown2.o(.ARM.Collect$$libshutdown$$00000004) for __rt_lib_shutdown_stdio_1
    libshutdown.o(.ARM.Collect$$libshutdown$$00000000) refers (Special) to libshutdown2.o(.ARM.Collect$$libshutdown$$0000000C) for __rt_lib_shutdown_user_alloc_1
    sys_command.o(.text) refers (Special) to use_no_semi.o(.text) for __I$use$semihosting
    sys_command.o(.text) refers (Special) to indicate_semi.o(.text) for __semihosting_library_function
    sys_command_hlt.o(.text) refers (Special) to use_no_semi.o(.text) for __I$use$semihosting
    sys_command_hlt.o(.text) refers (Special) to indicate_semi.o(.text) for __semihosting_library_function
    defsig_rtmem_outer.o(.text) refers to defsig_rtmem_inner.o(.text) for __rt_SIGRTMEM_inner
    defsig_rtmem_outer.o(.text) refers to defsig_exit.o(.text) for __sig_exit
    defsig_rtmem_formal.o(.text) refers to rt_raise.o(.text) for __rt_raise
    rt_raise.o(.text) refers to __raise.o(.text) for __raise
    rt_raise.o(.text) refers to sys_exit.o(.text) for _sys_exit
    defsig_exit.o(.text) refers to sys_exit.o(.text) for _sys_exit
    defsig_rtmem_inner.o(.text) refers to defsig_general.o(.text) for __default_signal_display
    __raise.o(.text) refers to defsig.o(CL$$defsig) for __default_signal_handler
    defsig_general.o(.text) refers to sys_wrch.o(.text) for _ttywrch
    sys_wrch.o(.text) refers (Special) to use_no_semi.o(.text) for __I$use$semihosting
    sys_wrch.o(.text) refers (Special) to indicate_semi.o(.text) for __semihosting_library_function
    sys_wrch_hlt.o(.text) refers (Special) to use_no_semi.o(.text) for __I$use$semihosting
    sys_wrch_hlt.o(.text) refers (Special) to indicate_semi.o(.text) for __semihosting_library_function
    defsig.o(CL$$defsig) refers to defsig_rtmem_inner.o(.text) for __rt_SIGRTMEM_inner
    defsig_abrt_inner.o(.text) refers to defsig_general.o(.text) for __default_signal_display
    defsig_fpe_inner.o(.text) refers to defsig_general.o(.text) for __default_signal_display
    defsig_rtred_inner.o(.text) refers to defsig_general.o(.text) for __default_signal_display
    defsig_stak_inner.o(.text) refers to defsig_general.o(.text) for __default_signal_display
    defsig_pvfn_inner.o(.text) refers to defsig_general.o(.text) for __default_signal_display
    defsig_cppl_inner.o(.text) refers to defsig_general.o(.text) for __default_signal_display
    defsig_segv_inner.o(.text) refers to defsig_general.o(.text) for __default_signal_display
    defsig_other.o(.text) refers to defsig_general.o(.text) for __default_signal_display


==============================================================================

Removing Unused input sections from the image.

    Removing b_m_o_current_sense.o(.text), (0 bytes).
    Removing b_m_o_current_sense.o(.ARM.exidx.text.main), (8 bytes).
    Removing b_m_o_current_sense.o(.ARM.exidx.text.PLL_Init), (8 bytes).
    Removing b_m_o_current_sense.o(.ARM.exidx.text.GPIO_Init), (8 bytes).
    Removing b_m_o_current_sense.o(.ARM.exidx.text.ADC0_Init), (8 bytes).
    Removing b_m_o_current_sense.o(.ARM.exidx.text.UART0_Init), (8 bytes).
    Removing b_m_o_current_sense.o(.ARM.exidx.text.Timer1_Capture_Init), (8 bytes).
    Removing b_m_o_current_sense.o(.ARM.exidx.text.Timer3A_Pulse1_Init), (8 bytes).
    Removing b_m_o_current_sense.o(.ARM.exidx.text.Timer2A_Pulse2_Init), (8 bytes).
    Removing b_m_o_current_sense.o(.ARM.exidx.text.Timer0A_50Hz_Init), (8 bytes).
    Removing b_m_o_current_sense.o(.ARM.exidx.text.set_pulse1_us), (8 bytes).
    Removing b_m_o_current_sense.o(.ARM.exidx.text.set_pulse2_us), (8 bytes).
    Removing b_m_o_current_sense.o(.text.delayMs), (2 bytes).
    Removing b_m_o_current_sense.o(.ARM.exidx.text.delayMs), (8 bytes).
    Removing b_m_o_current_sense.o(.ARM.exidx.text.ADC0_Read), (8 bytes).
    Removing b_m_o_current_sense.o(.ARM.exidx.text.computeRPM), (8 bytes).
    Removing b_m_o_current_sense.o(.ARM.exidx.text.readCurrent), (8 bytes).
    Removing b_m_o_current_sense.o(.ARM.exidx.text.UART0_SendString), (8 bytes).
    Removing b_m_o_current_sense.o(.ARM.exidx.text.UART0_SendChar), (8 bytes).
    Removing b_m_o_current_sense.o(.ARM.exidx.text.TIMER0A_Handler), (8 bytes).
    Removing b_m_o_current_sense.o(.ARM.exidx.text.TIMER3A_Handler), (8 bytes).
    Removing b_m_o_current_sense.o(.ARM.exidx.text.TIMER2A_Handler), (8 bytes).
    Removing b_m_o_current_sense.o(.ARM.exidx.text.TIMER1A_Handler), (8 bytes).
    Removing b_m_o_current_sense.o(.ARM.exidx.text.TIMER1B_Handler), (8 bytes).
    Removing b_m_o_current_sense.o(.ARM.use_no_argv), (4 bytes).
    Removing system_tm4c123.o(.text), (0 bytes).
    Removing system_tm4c123.o(.text.SystemCoreClockUpdate), (148 bytes).
    Removing system_tm4c123.o(.ARM.exidx.text.SystemCoreClockUpdate), (8 bytes).
    Removing system_tm4c123.o(.text.getOscClk), (56 bytes).
    Removing system_tm4c123.o(.ARM.exidx.text.getOscClk), (8 bytes).
    Removing system_tm4c123.o(.ARM.exidx.text.SystemInit), (8 bytes).
    Removing system_tm4c123.o(.data.SystemCoreClock), (4 bytes).
    Removing system_tm4c123.o(.rodata..Lswitch.table.getOscClk), (92 bytes).

33 unused section(s) (total 506 bytes) removed from the image.

==============================================================================

Image Symbol Table

    Local Symbols

    Symbol Name                              Value     Ov Type        Size  Object(Section)

    ../clib/angel/boardlib.s                 0x00000000   Number         0  boardinit1.o ABSOLUTE
    ../clib/angel/boardlib.s                 0x00000000   Number         0  boardinit2.o ABSOLUTE
    ../clib/angel/boardlib.s                 0x00000000   Number         0  boardinit3.o ABSOLUTE
    ../clib/angel/boardlib.s                 0x00000000   Number         0  boardshut.o ABSOLUTE
    ../clib/angel/handlers.s                 0x00000000   Number         0  __scatter_copy.o ABSOLUTE
    ../clib/angel/handlers.s                 0x00000000   Number         0  __scatter_zi.o ABSOLUTE
    ../clib/angel/kernel.s                   0x00000000   Number         0  __rtentry.o ABSOLUTE
    ../clib/angel/kernel.s                   0x00000000   Number         0  __rtentry2.o ABSOLUTE
    ../clib/angel/kernel.s                   0x00000000   Number         0  __rtentry4.o ABSOLUTE
    ../clib/angel/kernel.s                   0x00000000   Number         0  rtexit.o ABSOLUTE
    ../clib/angel/kernel.s                   0x00000000   Number         0  rtexit2.o ABSOLUTE
    ../clib/angel/rt.s                       0x00000000   Number         0  rt_raise.o ABSOLUTE
    ../clib/angel/scatter.s                  0x00000000   Number         0  __scatter.o ABSOLUTE
    ../clib/angel/startup.s                  0x00000000   Number         0  __main.o ABSOLUTE
    ../clib/angel/sys.s                      0x00000000   Number         0  sys_stackheap_outer.o ABSOLUTE
    ../clib/angel/sys.s                      0x00000000   Number         0  libspace.o ABSOLUTE
    ../clib/angel/sys.s                      0x00000000   Number         0  use_no_semi.o ABSOLUTE
    ../clib/angel/sys.s                      0x00000000   Number         0  indicate_semi.o ABSOLUTE
    ../clib/angel/sysapp.c                   0x00000000   Number         0  sys_exit.o ABSOLUTE
    ../clib/angel/sysapp.c                   0x00000000   Number         0  sys_exit_hlt.o ABSOLUTE
    ../clib/angel/sysapp.c                   0x00000000   Number         0  sys_command.o ABSOLUTE
    ../clib/angel/sysapp.c                   0x00000000   Number         0  sys_command_hlt.o ABSOLUTE
    ../clib/angel/sysapp.c                   0x00000000   Number         0  sys_wrch.o ABSOLUTE
    ../clib/angel/sysapp.c                   0x00000000   Number         0  sys_wrch_hlt.o ABSOLUTE
    ../clib/armsys.c                         0x00000000   Number         0  argv_veneer.o ABSOLUTE
    ../clib/armsys.c                         0x00000000   Number         0  argv_veneer.o ABSOLUTE
    ../clib/armsys.c                         0x00000000   Number         0  _get_argv_nomalloc.o ABSOLUTE
    ../clib/armsys.c                         0x00000000   Number         0  no_argv.o ABSOLUTE
    ../clib/heapalloc.c                      0x00000000   Number         0  hrguard.o ABSOLUTE
    ../clib/heapaux.c                        0x00000000   Number         0  heapauxi.o ABSOLUTE
    ../clib/libinit.s                        0x00000000   Number         0  libinit.o ABSOLUTE
    ../clib/libinit.s                        0x00000000   Number         0  libinit2.o ABSOLUTE
    ../clib/libinit.s                        0x00000000   Number         0  libshutdown.o ABSOLUTE
    ../clib/libinit.s                        0x00000000   Number         0  libshutdown2.o ABSOLUTE
    ../clib/misc.s                           0x00000000   Number         0  printf_stubs.o ABSOLUTE
    ../clib/printf.c                         0x00000000   Number         0  __2sprintf.o ABSOLUTE
    ../clib/printf.c                         0x00000000   Number         0  noretval__2sprintf.o ABSOLUTE
    ../clib/printf.c                         0x00000000   Number         0  __printf.o ABSOLUTE
    ../clib/printf.c                         0x00000000   Number         0  _printf_dec.o ABSOLUTE
    ../clib/printf.c                         0x00000000   Number         0  __printf_flags.o ABSOLUTE
    ../clib/printf.c                         0x00000000   Number         0  __printf_ss.o ABSOLUTE
    ../clib/printf.c                         0x00000000   Number         0  __printf_flags_ss.o ABSOLUTE
    ../clib/printf.c                         0x00000000   Number         0  __printf_wp.o ABSOLUTE
    ../clib/printf.c                         0x00000000   Number         0  __printf_flags_wp.o ABSOLUTE
    ../clib/printf.c                         0x00000000   Number         0  __printf_ss_wp.o ABSOLUTE
    ../clib/printf.c                         0x00000000   Number         0  __printf_flags_ss_wp.o ABSOLUTE
    ../clib/printf.c                         0x00000000   Number         0  _printf_intcommon.o ABSOLUTE
    ../clib/printf.c                         0x00000000   Number         0  _printf_char_common.o ABSOLUTE
    ../clib/printf.c                         0x00000000   Number         0  _sputc.o ABSOLUTE
    ../clib/printf.c                         0x00000000   Number         0  __printf_nopercent.o ABSOLUTE
    ../clib/printf_percent.s                 0x00000000   Number         0  _printf_u.o ABSOLUTE
    ../clib/printf_percent.s                 0x00000000   Number         0  _printf_percent.o ABSOLUTE
    ../clib/printf_percent.s                 0x00000000   Number         0  _printf_percent_end.o ABSOLUTE
    ../clib/signal.c                         0x00000000   Number         0  defsig_rtmem_outer.o ABSOLUTE
    ../clib/signal.c                         0x00000000   Number         0  defsig_rtmem_formal.o ABSOLUTE
    ../clib/signal.c                         0x00000000   Number         0  defsig_exit.o ABSOLUTE
    ../clib/signal.c                         0x00000000   Number         0  defsig_rtmem_inner.o ABSOLUTE
    ../clib/signal.c                         0x00000000   Number         0  __raise.o ABSOLUTE
    ../clib/signal.c                         0x00000000   Number         0  defsig_general.o ABSOLUTE
    ../clib/signal.c                         0x00000000   Number         0  defsig_abrt_inner.o ABSOLUTE
    ../clib/signal.c                         0x00000000   Number         0  defsig_fpe_inner.o ABSOLUTE
    ../clib/signal.c                         0x00000000   Number         0  defsig_rtred_inner.o ABSOLUTE
    ../clib/signal.c                         0x00000000   Number         0  defsig_stak_inner.o ABSOLUTE
    ../clib/signal.c                         0x00000000   Number         0  defsig_pvfn_inner.o ABSOLUTE
    ../clib/signal.c                         0x00000000   Number         0  defsig_cppl_inner.o ABSOLUTE
    ../clib/signal.c                         0x00000000   Number         0  defsig_segv_inner.o ABSOLUTE
    ../clib/signal.c                         0x00000000   Number         0  defsig_other.o ABSOLUTE
    ../clib/signal.s                         0x00000000   Number         0  defsig.o ABSOLUTE
    ../clib/stdlib.c                         0x00000000   Number         0  exit.o ABSOLUTE
    ../fplib/fpinit.s                        0x00000000   Number         0  fpinit.o ABSOLUTE
    B_M_O_Current_Sense.c                    0x00000000   Number         0  b_m_o_current_sense.o ABSOLUTE
    RTE/Device/TM4C123GH6PM/startup_TM4C123.s 0x00000000   Number         0  startup_tm4c123.o ABSOLUTE
    dc.s                                     0x00000000   Number         0  dc.o ABSOLUTE
    system_TM4C123.c                         0x00000000   Number         0  system_tm4c123.o ABSOLUTE
    RESET                                    0x00000000   Section      620  startup_tm4c123.o(RESET)
    !!!main                                  0x0000026c   Section        8  __main.o(!!!main)
    !!!scatter                               0x00000274   Section       52  __scatter.o(!!!scatter)
    !!handler_copy                           0x000002a8   Section       26  __scatter_copy.o(!!handler_copy)
    !!handler_zi                             0x000002c4   Section       28  __scatter_zi.o(!!handler_zi)
    .ARM.Collect$$_printf_percent$$00000000  0x000002e0   Section        0  _printf_percent.o(.ARM.Collect$$_printf_percent$$00000000)
    .ARM.Collect$$_printf_percent$$0000000A  0x000002e0   Section        6  _printf_u.o(.ARM.Collect$$_printf_percent$$0000000A)
    .ARM.Collect$$_printf_percent$$00000017  0x000002e6   Section        4  _printf_percent_end.o(.ARM.Collect$$_printf_percent$$00000017)
    .ARM.Collect$$libinit$$00000000          0x000002ea   Section        2  libinit.o(.ARM.Collect$$libinit$$00000000)
    .ARM.Collect$$libinit$$00000001          0x000002ec   Section        4  libinit2.o(.ARM.Collect$$libinit$$00000001)
    .ARM.Collect$$libinit$$00000004          0x000002f0   Section        0  libinit2.o(.ARM.Collect$$libinit$$00000004)
    .ARM.Collect$$libinit$$0000000A          0x000002f0   Section        0  libinit2.o(.ARM.Collect$$libinit$$0000000A)
    .ARM.Collect$$libinit$$0000000C          0x000002f0   Section        0  libinit2.o(.ARM.Collect$$libinit$$0000000C)
    .ARM.Collect$$libinit$$0000000E          0x000002f0   Section        0  libinit2.o(.ARM.Collect$$libinit$$0000000E)
    .ARM.Collect$$libinit$$00000011          0x000002f0   Section        0  libinit2.o(.ARM.Collect$$libinit$$00000011)
    .ARM.Collect$$libinit$$00000013          0x000002f0   Section        0  libinit2.o(.ARM.Collect$$libinit$$00000013)
    .ARM.Collect$$libinit$$00000015          0x000002f0   Section        0  libinit2.o(.ARM.Collect$$libinit$$00000015)
    .ARM.Collect$$libinit$$00000017          0x000002f0   Section        0  libinit2.o(.ARM.Collect$$libinit$$00000017)
    .ARM.Collect$$libinit$$00000019          0x000002f0   Section        0  libinit2.o(.ARM.Collect$$libinit$$00000019)
    .ARM.Collect$$libinit$$0000001B          0x000002f0   Section        0  libinit2.o(.ARM.Collect$$libinit$$0000001B)
    .ARM.Collect$$libinit$$0000001D          0x000002f0   Section        0  libinit2.o(.ARM.Collect$$libinit$$0000001D)
    .ARM.Collect$$libinit$$0000001F          0x000002f0   Section        0  libinit2.o(.ARM.Collect$$libinit$$0000001F)
    .ARM.Collect$$libinit$$00000021          0x000002f0   Section        0  libinit2.o(.ARM.Collect$$libinit$$00000021)
    .ARM.Collect$$libinit$$00000023          0x000002f0   Section        0  libinit2.o(.ARM.Collect$$libinit$$00000023)
    .ARM.Collect$$libinit$$00000025          0x000002f0   Section        0  libinit2.o(.ARM.Collect$$libinit$$00000025)
    .ARM.Collect$$libinit$$0000002C          0x000002f0   Section        0  libinit2.o(.ARM.Collect$$libinit$$0000002C)
    .ARM.Collect$$libinit$$0000002E          0x000002f0   Section        0  libinit2.o(.ARM.Collect$$libinit$$0000002E)
    .ARM.Collect$$libinit$$00000030          0x000002f0   Section        0  libinit2.o(.ARM.Collect$$libinit$$00000030)
    .ARM.Collect$$libinit$$00000032          0x000002f0   Section        0  libinit2.o(.ARM.Collect$$libinit$$00000032)
    .ARM.Collect$$libinit$$00000033          0x000002f0   Section        2  libinit2.o(.ARM.Collect$$libinit$$00000033)
    .ARM.Collect$$libshutdown$$00000000      0x000002f2   Section        2  libshutdown.o(.ARM.Collect$$libshutdown$$00000000)
    .ARM.Collect$$libshutdown$$00000002      0x000002f4   Section        0  libshutdown2.o(.ARM.Collect$$libshutdown$$00000002)
    .ARM.Collect$$libshutdown$$00000004      0x000002f4   Section        0  libshutdown2.o(.ARM.Collect$$libshutdown$$00000004)
    .ARM.Collect$$libshutdown$$00000007      0x000002f4   Section        0  libshutdown2.o(.ARM.Collect$$libshutdown$$00000007)
    .ARM.Collect$$libshutdown$$0000000A      0x000002f4   Section        0  libshutdown2.o(.ARM.Collect$$libshutdown$$0000000A)
    .ARM.Collect$$libshutdown$$0000000C      0x000002f4   Section        0  libshutdown2.o(.ARM.Collect$$libshutdown$$0000000C)
    .ARM.Collect$$libshutdown$$0000000F      0x000002f4   Section        0  libshutdown2.o(.ARM.Collect$$libshutdown$$0000000F)
    .ARM.Collect$$libshutdown$$00000010      0x000002f4   Section        2  libshutdown2.o(.ARM.Collect$$libshutdown$$00000010)
    .ARM.Collect$$rtentry$$00000000          0x000002f6   Section        0  __rtentry.o(.ARM.Collect$$rtentry$$00000000)
    .ARM.Collect$$rtentry$$00000002          0x000002f6   Section        0  __rtentry2.o(.ARM.Collect$$rtentry$$00000002)
    .ARM.Collect$$rtentry$$00000004          0x000002f6   Section        6  __rtentry4.o(.ARM.Collect$$rtentry$$00000004)
    .ARM.Collect$$rtentry$$00000009          0x000002fc   Section        0  __rtentry2.o(.ARM.Collect$$rtentry$$00000009)
    .ARM.Collect$$rtentry$$0000000A          0x000002fc   Section        4  __rtentry2.o(.ARM.Collect$$rtentry$$0000000A)
    .ARM.Collect$$rtentry$$0000000C          0x00000300   Section        0  __rtentry2.o(.ARM.Collect$$rtentry$$0000000C)
    .ARM.Collect$$rtentry$$0000000D          0x00000300   Section        8  __rtentry2.o(.ARM.Collect$$rtentry$$0000000D)
    .ARM.Collect$$rtexit$$00000000           0x00000308   Section        2  rtexit.o(.ARM.Collect$$rtexit$$00000000)
    .ARM.Collect$$rtexit$$00000002           0x0000030a   Section        0  rtexit2.o(.ARM.Collect$$rtexit$$00000002)
    .ARM.Collect$$rtexit$$00000003           0x0000030a   Section        4  rtexit2.o(.ARM.Collect$$rtexit$$00000003)
    .ARM.Collect$$rtexit$$00000004           0x0000030e   Section        6  rtexit2.o(.ARM.Collect$$rtexit$$00000004)
    $v0                                      0x00000314   Number         0  startup_tm4c123.o(.text)
    .text                                    0x00000314   Section      276  startup_tm4c123.o(.text)
    .text                                    0x00000428   Section        0  noretval__2sprintf.o(.text)
    .text                                    0x00000450   Section        0  _printf_dec.o(.text)
    .text                                    0x000004c8   Section        0  __printf_ss.o(.text)
    .text                                    0x00000580   Section        0  heapauxi.o(.text)
    .text                                    0x00000586   Section        0  _printf_intcommon.o(.text)
    _printf_input_char                       0x00000639   Thumb Code    10  _printf_char_common.o(.text)
    .text                                    0x00000638   Section        0  _printf_char_common.o(.text)
    .text                                    0x00000668   Section        0  _sputc.o(.text)
    .text                                    0x00000672   Section       74  sys_stackheap_outer.o(.text)
    .text                                    0x000006bc   Section        0  exit.o(.text)
    .text                                    0x000006d0   Section        8  libspace.o(.text)
    .text                                    0x000006d8   Section        0  sys_exit.o(.text)
    .text                                    0x000006e4   Section        2  use_no_semi.o(.text)
    .text                                    0x000006e6   Section        0  indicate_semi.o(.text)
    [Anonymous Symbol]                       0x000006e8   Section        0  b_m_o_current_sense.o(.text.ADC0_Init)
    [Anonymous Symbol]                       0x00000740   Section        0  b_m_o_current_sense.o(.text.ADC0_Read)
    [Anonymous Symbol]                       0x00000778   Section        0  b_m_o_current_sense.o(.text.GPIO_Init)
    [Anonymous Symbol]                       0x00000854   Section        0  b_m_o_current_sense.o(.text.PLL_Init)
    [Anonymous Symbol]                       0x000008b0   Section        0  system_tm4c123.o(.text.SystemInit)
    [Anonymous Symbol]                       0x00000920   Section        0  b_m_o_current_sense.o(.text.TIMER0A_Handler)
    [Anonymous Symbol]                       0x00000988   Section        0  b_m_o_current_sense.o(.text.TIMER1A_Handler)
    [Anonymous Symbol]                       0x000009d8   Section        0  b_m_o_current_sense.o(.text.TIMER1B_Handler)
    [Anonymous Symbol]                       0x00000a28   Section        0  b_m_o_current_sense.o(.text.TIMER2A_Handler)
    [Anonymous Symbol]                       0x00000a48   Section        0  b_m_o_current_sense.o(.text.TIMER3A_Handler)
    [Anonymous Symbol]                       0x00000a68   Section        0  b_m_o_current_sense.o(.text.Timer0A_50Hz_Init)
    [Anonymous Symbol]                       0x00000ab8   Section        0  b_m_o_current_sense.o(.text.Timer1_Capture_Init)
    [Anonymous Symbol]                       0x00000b34   Section        0  b_m_o_current_sense.o(.text.Timer2A_Pulse2_Init)
    [Anonymous Symbol]                       0x00000b70   Section        0  b_m_o_current_sense.o(.text.Timer3A_Pulse1_Init)
    [Anonymous Symbol]                       0x00000ba8   Section        0  b_m_o_current_sense.o(.text.UART0_Init)
    [Anonymous Symbol]                       0x00000c20   Section        0  b_m_o_current_sense.o(.text.UART0_SendChar)
    [Anonymous Symbol]                       0x00000c34   Section        0  b_m_o_current_sense.o(.text.UART0_SendString)
    [Anonymous Symbol]                       0x00000c50   Section        0  b_m_o_current_sense.o(.text.computeRPM)
    [Anonymous Symbol]                       0x00000c88   Section        0  b_m_o_current_sense.o(.text.main)
    [Anonymous Symbol]                       0x00000eb4   Section        0  b_m_o_current_sense.o(.text.readCurrent)
    [Anonymous Symbol]                       0x00000ebc   Section        0  b_m_o_current_sense.o(.text.set_pulse1_us)
    [Anonymous Symbol]                       0x00000edc   Section        0  b_m_o_current_sense.o(.text.set_pulse2_us)
    $v0                                      0x00000efc   Number         0  fpinit.o(x$fpl$fpinit)
    x$fpl$fpinit                             0x00000efc   Section       26  fpinit.o(x$fpl$fpinit)
    .bss                                     0x20000008   Section       96  libspace.o(.bss)
    TIMER1A_Handler.lastCap1                 0x20000068   Data           4  b_m_o_current_sense.o(.bss.TIMER1A_Handler.lastCap1)
    [Anonymous Symbol]                       0x20000068   Section        0  b_m_o_current_sense.o(.bss.TIMER1A_Handler.lastCap1)
    TIMER1B_Handler.lastCap2                 0x2000006c   Data           4  b_m_o_current_sense.o(.bss.TIMER1B_Handler.lastCap2)
    [Anonymous Symbol]                       0x2000006c   Section        0  b_m_o_current_sense.o(.bss.TIMER1B_Handler.lastCap2)
    Heap_Mem                                 0x20000098   Data           0  startup_tm4c123.o(HEAP)
    Stack_Mem                                0x20000098   Data         512  startup_tm4c123.o(STACK)
    HEAP                                     0x20000098   Section        0  startup_tm4c123.o(HEAP)
    STACK                                    0x20000098   Section      512  startup_tm4c123.o(STACK)
    __initial_sp                             0x20000298   Data           0  startup_tm4c123.o(STACK)

    Global Symbols

    Symbol Name                              Value     Ov Type        Size  Object(Section)

    BuildAttributes$$THM_ISAv4$E$P$D$K$B$S$7EM$VFPi3$EXTD16$VFPS$VFMA$PE$A:L22UL41UL21$X:L11$S22US41US21$IEEE1$IW$~IW$USESV6$~STKCKD$USESV7$~SHL$OTIME$ROPI$EBA8$UX$STANDARDLIB$REQ8$PRES8$EABIv2 0x00000000   Number         0  anon$$obj.o ABSOLUTE
    __Vectors                                0x00000000   Data           4  startup_tm4c123.o(RESET)
    _printf_flags                            0x00000000   Number         0  printf_stubs.o ABSOLUTE
    _printf_return_value                     0x00000000   Number         0  printf_stubs.o ABSOLUTE
    _printf_sizespec                         0x00000000   Number         0  printf_stubs.o ABSOLUTE
    _printf_widthprec                        0x00000000   Number         0  printf_stubs.o ABSOLUTE
    __ARM_exceptions_init                     - Undefined Weak Reference
    __alloca_initialize                       - Undefined Weak Reference
    __arm_preinit_                            - Undefined Weak Reference
    __cpp_initialize__aeabi_                  - Undefined Weak Reference
    __cxa_finalize                            - Undefined Weak Reference
    __rt_locale                               - Undefined Weak Reference
    __sigvec_lookup                           - Undefined Weak Reference
    _atexit_init                              - Undefined Weak Reference
    _call_atexit_fns                          - Undefined Weak Reference
    _clock_init                               - Undefined Weak Reference
    _fp_trap_init                             - Undefined Weak Reference
    _fp_trap_shutdown                         - Undefined Weak Reference
    _get_lc_collate                           - Undefined Weak Reference
    _get_lc_ctype                             - Undefined Weak Reference
    _get_lc_monetary                          - Undefined Weak Reference
    _get_lc_numeric                           - Undefined Weak Reference
    _get_lc_time                              - Undefined Weak Reference
    _getenv_init                              - Undefined Weak Reference
    _handle_redirection                       - Undefined Weak Reference
    _init_alloc                               - Undefined Weak Reference
    _init_user_alloc                          - Undefined Weak Reference
    _initio                                   - Undefined Weak Reference
    _printf_post_padding                      - Undefined Weak Reference
    _printf_pre_padding                       - Undefined Weak Reference
    _printf_truncate_signed                   - Undefined Weak Reference
    _printf_truncate_unsigned                 - Undefined Weak Reference
    _rand_init                                - Undefined Weak Reference
    _signal_finish                            - Undefined Weak Reference
    _signal_init                              - Undefined Weak Reference
    _terminate_alloc                          - Undefined Weak Reference
    _terminate_user_alloc                     - Undefined Weak Reference
    _terminateio                              - Undefined Weak Reference
    __Vectors_End                            0x0000026c   Data           0  startup_tm4c123.o(RESET)
    __Vectors_Size                           0x0000026c   Number         0  startup_tm4c123.o ABSOLUTE
    __main                                   0x0000026d   Thumb Code     8  __main.o(!!!main)
    __scatterload                            0x00000275   Thumb Code     0  __scatter.o(!!!scatter)
    __scatterload_rt2                        0x00000275   Thumb Code    44  __scatter.o(!!!scatter)
    __scatterload_rt2_thumb_only             0x00000275   Thumb Code     0  __scatter.o(!!!scatter)
    __scatterload_null                       0x00000283   Thumb Code     0  __scatter.o(!!!scatter)
    __scatterload_copy                       0x000002a9   Thumb Code    26  __scatter_copy.o(!!handler_copy)
    __scatterload_zeroinit                   0x000002c5   Thumb Code    28  __scatter_zi.o(!!handler_zi)
    _printf_percent                          0x000002e1   Thumb Code     0  _printf_percent.o(.ARM.Collect$$_printf_percent$$00000000)
    _printf_u                                0x000002e1   Thumb Code     0  _printf_u.o(.ARM.Collect$$_printf_percent$$0000000A)
    _printf_percent_end                      0x000002e7   Thumb Code     0  _printf_percent_end.o(.ARM.Collect$$_printf_percent$$00000017)
    __rt_lib_init                            0x000002eb   Thumb Code     0  libinit.o(.ARM.Collect$$libinit$$00000000)
    __rt_lib_init_fp_1                       0x000002ed   Thumb Code     0  libinit2.o(.ARM.Collect$$libinit$$00000001)
    __rt_lib_init_alloca_1                   0x000002f1   Thumb Code     0  libinit2.o(.ARM.Collect$$libinit$$0000002E)
    __rt_lib_init_argv_1                     0x000002f1   Thumb Code     0  libinit2.o(.ARM.Collect$$libinit$$0000002C)
    __rt_lib_init_atexit_1                   0x000002f1   Thumb Code     0  libinit2.o(.ARM.Collect$$libinit$$0000001B)
    __rt_lib_init_clock_1                    0x000002f1   Thumb Code     0  libinit2.o(.ARM.Collect$$libinit$$00000021)
    __rt_lib_init_cpp_1                      0x000002f1   Thumb Code     0  libinit2.o(.ARM.Collect$$libinit$$00000032)
    __rt_lib_init_exceptions_1               0x000002f1   Thumb Code     0  libinit2.o(.ARM.Collect$$libinit$$00000030)
    __rt_lib_init_fp_trap_1                  0x000002f1   Thumb Code     0  libinit2.o(.ARM.Collect$$libinit$$0000001F)
    __rt_lib_init_getenv_1                   0x000002f1   Thumb Code     0  libinit2.o(.ARM.Collect$$libinit$$00000023)
    __rt_lib_init_heap_1                     0x000002f1   Thumb Code     0  libinit2.o(.ARM.Collect$$libinit$$0000000A)
    __rt_lib_init_lc_collate_1               0x000002f1   Thumb Code     0  libinit2.o(.ARM.Collect$$libinit$$00000011)
    __rt_lib_init_lc_ctype_1                 0x000002f1   Thumb Code     0  libinit2.o(.ARM.Collect$$libinit$$00000013)
    __rt_lib_init_lc_monetary_1              0x000002f1   Thumb Code     0  libinit2.o(.ARM.Collect$$libinit$$00000015)
    __rt_lib_init_lc_numeric_1               0x000002f1   Thumb Code     0  libinit2.o(.ARM.Collect$$libinit$$00000017)
    __rt_lib_init_lc_time_1                  0x000002f1   Thumb Code     0  libinit2.o(.ARM.Collect$$libinit$$00000019)
    __rt_lib_init_preinit_1                  0x000002f1   Thumb Code     0  libinit2.o(.ARM.Collect$$libinit$$00000004)
    __rt_lib_init_rand_1                     0x000002f1   Thumb Code     0  libinit2.o(.ARM.Collect$$libinit$$0000000E)
    __rt_lib_init_return                     0x000002f1   Thumb Code     0  libinit2.o(.ARM.Collect$$libinit$$00000033)
    __rt_lib_init_signal_1                   0x000002f1   Thumb Code     0  libinit2.o(.ARM.Collect$$libinit$$0000001D)
    __rt_lib_init_stdio_1                    0x000002f1   Thumb Code     0  libinit2.o(.ARM.Collect$$libinit$$00000025)
    __rt_lib_init_user_alloc_1               0x000002f1   Thumb Code     0  libinit2.o(.ARM.Collect$$libinit$$0000000C)
    __rt_lib_shutdown                        0x000002f3   Thumb Code     0  libshutdown.o(.ARM.Collect$$libshutdown$$00000000)
    __rt_lib_shutdown_cpp_1                  0x000002f5   Thumb Code     0  libshutdown2.o(.ARM.Collect$$libshutdown$$00000002)
    __rt_lib_shutdown_fp_trap_1              0x000002f5   Thumb Code     0  libshutdown2.o(.ARM.Collect$$libshutdown$$00000007)
    __rt_lib_shutdown_heap_1                 0x000002f5   Thumb Code     0  libshutdown2.o(.ARM.Collect$$libshutdown$$0000000F)
    __rt_lib_shutdown_return                 0x000002f5   Thumb Code     0  libshutdown2.o(.ARM.Collect$$libshutdown$$00000010)
    __rt_lib_shutdown_signal_1               0x000002f5   Thumb Code     0  libshutdown2.o(.ARM.Collect$$libshutdown$$0000000A)
    __rt_lib_shutdown_stdio_1                0x000002f5   Thumb Code     0  libshutdown2.o(.ARM.Collect$$libshutdown$$00000004)
    __rt_lib_shutdown_user_alloc_1           0x000002f5   Thumb Code     0  libshutdown2.o(.ARM.Collect$$libshutdown$$0000000C)
    __rt_entry                               0x000002f7   Thumb Code     0  __rtentry.o(.ARM.Collect$$rtentry$$00000000)
    __rt_entry_presh_1                       0x000002f7   Thumb Code     0  __rtentry2.o(.ARM.Collect$$rtentry$$00000002)
    __rt_entry_sh                            0x000002f7   Thumb Code     0  __rtentry4.o(.ARM.Collect$$rtentry$$00000004)
    __rt_entry_li                            0x000002fd   Thumb Code     0  __rtentry2.o(.ARM.Collect$$rtentry$$0000000A)
    __rt_entry_postsh_1                      0x000002fd   Thumb Code     0  __rtentry2.o(.ARM.Collect$$rtentry$$00000009)
    __rt_entry_main                          0x00000301   Thumb Code     0  __rtentry2.o(.ARM.Collect$$rtentry$$0000000D)
    __rt_entry_postli_1                      0x00000301   Thumb Code     0  __rtentry2.o(.ARM.Collect$$rtentry$$0000000C)
    __rt_exit                                0x00000309   Thumb Code     0  rtexit.o(.ARM.Collect$$rtexit$$00000000)
    __rt_exit_ls                             0x0000030b   Thumb Code     0  rtexit2.o(.ARM.Collect$$rtexit$$00000003)
    __rt_exit_prels_1                        0x0000030b   Thumb Code     0  rtexit2.o(.ARM.Collect$$rtexit$$00000002)
    __rt_exit_exit                           0x0000030f   Thumb Code     0  rtexit2.o(.ARM.Collect$$rtexit$$00000004)
    Reset_Handler                            0x00000315   Thumb Code     8  startup_tm4c123.o(.text)
    NMI_Handler                              0x0000031d   Thumb Code     2  startup_tm4c123.o(.text)
    HardFault_Handler                        0x0000031f   Thumb Code     2  startup_tm4c123.o(.text)
    MemManage_Handler                        0x00000321   Thumb Code     2  startup_tm4c123.o(.text)
    BusFault_Handler                         0x00000323   Thumb Code     2  startup_tm4c123.o(.text)
    UsageFault_Handler                       0x00000325   Thumb Code     2  startup_tm4c123.o(.text)
    SVC_Handler                              0x00000327   Thumb Code     2  startup_tm4c123.o(.text)
    DebugMon_Handler                         0x00000329   Thumb Code     2  startup_tm4c123.o(.text)
    PendSV_Handler                           0x0000032b   Thumb Code     2  startup_tm4c123.o(.text)
    SysTick_Handler                          0x0000032d   Thumb Code     2  startup_tm4c123.o(.text)
    GPIOA_Handler                            0x0000032f   Thumb Code     2  startup_tm4c123.o(.text)
    GPIOB_Handler                            0x00000331   Thumb Code     2  startup_tm4c123.o(.text)
    GPIOC_Handler                            0x00000333   Thumb Code     2  startup_tm4c123.o(.text)
    GPIOD_Handler                            0x00000335   Thumb Code     2  startup_tm4c123.o(.text)
    GPIOE_Handler                            0x00000337   Thumb Code     2  startup_tm4c123.o(.text)
    UART0_Handler                            0x00000339   Thumb Code     2  startup_tm4c123.o(.text)
    UART1_Handler                            0x0000033b   Thumb Code     2  startup_tm4c123.o(.text)
    SSI0_Handler                             0x0000033d   Thumb Code     2  startup_tm4c123.o(.text)
    I2C0_Handler                             0x0000033f   Thumb Code     2  startup_tm4c123.o(.text)
    PMW0_FAULT_Handler                       0x00000341   Thumb Code     2  startup_tm4c123.o(.text)
    PWM0_0_Handler                           0x00000343   Thumb Code     2  startup_tm4c123.o(.text)
    PWM0_1_Handler                           0x00000345   Thumb Code     2  startup_tm4c123.o(.text)
    PWM0_2_Handler                           0x00000347   Thumb Code     2  startup_tm4c123.o(.text)
    QEI0_Handler                             0x00000349   Thumb Code     2  startup_tm4c123.o(.text)
    ADC0SS0_Handler                          0x0000034b   Thumb Code     2  startup_tm4c123.o(.text)
    ADC0SS1_Handler                          0x0000034d   Thumb Code     2  startup_tm4c123.o(.text)
    ADC0SS2_Handler                          0x0000034f   Thumb Code     2  startup_tm4c123.o(.text)
    ADC0SS3_Handler                          0x00000351   Thumb Code     2  startup_tm4c123.o(.text)
    WDT0_Handler                             0x00000353   Thumb Code     2  startup_tm4c123.o(.text)
    TIMER0B_Handler                          0x00000357   Thumb Code     2  startup_tm4c123.o(.text)
    TIMER2B_Handler                          0x0000035f   Thumb Code     2  startup_tm4c123.o(.text)
    COMP0_Handler                            0x00000361   Thumb Code     2  startup_tm4c123.o(.text)
    COMP1_Handler                            0x00000363   Thumb Code     2  startup_tm4c123.o(.text)
    COMP2_Handler                            0x00000365   Thumb Code     2  startup_tm4c123.o(.text)
    SYSCTL_Handler                           0x00000367   Thumb Code     2  startup_tm4c123.o(.text)
    FLASH_Handler                            0x00000369   Thumb Code     2  startup_tm4c123.o(.text)
    GPIOF_Handler                            0x0000036b   Thumb Code     2  startup_tm4c123.o(.text)
    GPIOG_Handler                            0x0000036d   Thumb Code     2  startup_tm4c123.o(.text)
    GPIOH_Handler                            0x0000036f   Thumb Code     2  startup_tm4c123.o(.text)
    UART2_Handler                            0x00000371   Thumb Code     2  startup_tm4c123.o(.text)
    SSI1_Handler                             0x00000373   Thumb Code     2  startup_tm4c123.o(.text)
    TIMER3B_Handler                          0x00000377   Thumb Code     2  startup_tm4c123.o(.text)
    I2C1_Handler                             0x00000379   Thumb Code     2  startup_tm4c123.o(.text)
    QEI1_Handler                             0x0000037b   Thumb Code     2  startup_tm4c123.o(.text)
    CAN0_Handler                             0x0000037d   Thumb Code     2  startup_tm4c123.o(.text)
    CAN1_Handler                             0x0000037f   Thumb Code     2  startup_tm4c123.o(.text)
    CAN2_Handler                             0x00000381   Thumb Code     2  startup_tm4c123.o(.text)
    HIB_Handler                              0x00000383   Thumb Code     2  startup_tm4c123.o(.text)
    USB0_Handler                             0x00000385   Thumb Code     2  startup_tm4c123.o(.text)
    PWM0_3_Handler                           0x00000387   Thumb Code     2  startup_tm4c123.o(.text)
    UDMA_Handler                             0x00000389   Thumb Code     2  startup_tm4c123.o(.text)
    UDMAERR_Handler                          0x0000038b   Thumb Code     2  startup_tm4c123.o(.text)
    ADC1SS0_Handler                          0x0000038d   Thumb Code     2  startup_tm4c123.o(.text)
    ADC1SS1_Handler                          0x0000038f   Thumb Code     2  startup_tm4c123.o(.text)
    ADC1SS2_Handler                          0x00000391   Thumb Code     2  startup_tm4c123.o(.text)
    ADC1SS3_Handler                          0x00000393   Thumb Code     2  startup_tm4c123.o(.text)
    GPIOJ_Handler                            0x00000395   Thumb Code     2  startup_tm4c123.o(.text)
    GPIOK_Handler                            0x00000397   Thumb Code     2  startup_tm4c123.o(.text)
    GPIOL_Handler                            0x00000399   Thumb Code     2  startup_tm4c123.o(.text)
    SSI2_Handler                             0x0000039b   Thumb Code     2  startup_tm4c123.o(.text)
    SSI3_Handler                             0x0000039d   Thumb Code     2  startup_tm4c123.o(.text)
    UART3_Handler                            0x0000039f   Thumb Code     2  startup_tm4c123.o(.text)
    UART4_Handler                            0x000003a1   Thumb Code     2  startup_tm4c123.o(.text)
    UART5_Handler                            0x000003a3   Thumb Code     2  startup_tm4c123.o(.text)
    UART6_Handler                            0x000003a5   Thumb Code     2  startup_tm4c123.o(.text)
    UART7_Handler                            0x000003a7   Thumb Code     2  startup_tm4c123.o(.text)
    I2C2_Handler                             0x000003a9   Thumb Code     2  startup_tm4c123.o(.text)
    I2C3_Handler                             0x000003ab   Thumb Code     2  startup_tm4c123.o(.text)
    TIMER4A_Handler                          0x000003ad   Thumb Code     2  startup_tm4c123.o(.text)
    TIMER4B_Handler                          0x000003af   Thumb Code     2  startup_tm4c123.o(.text)
    TIMER5A_Handler                          0x000003b1   Thumb Code     2  startup_tm4c123.o(.text)
    TIMER5B_Handler                          0x000003b3   Thumb Code     2  startup_tm4c123.o(.text)
    WTIMER0A_Handler                         0x000003b5   Thumb Code     2  startup_tm4c123.o(.text)
    WTIMER0B_Handler                         0x000003b7   Thumb Code     2  startup_tm4c123.o(.text)
    WTIMER1A_Handler                         0x000003b9   Thumb Code     2  startup_tm4c123.o(.text)
    WTIMER1B_Handler                         0x000003bb   Thumb Code     2  startup_tm4c123.o(.text)
    WTIMER2A_Handler                         0x000003bd   Thumb Code     2  startup_tm4c123.o(.text)
    WTIMER2B_Handler                         0x000003bf   Thumb Code     2  startup_tm4c123.o(.text)
    WTIMER3A_Handler                         0x000003c1   Thumb Code     2  startup_tm4c123.o(.text)
    WTIMER3B_Handler                         0x000003c3   Thumb Code     2  startup_tm4c123.o(.text)
    WTIMER4A_Handler                         0x000003c5   Thumb Code     2  startup_tm4c123.o(.text)
    WTIMER4B_Handler                         0x000003c7   Thumb Code     2  startup_tm4c123.o(.text)
    WTIMER5A_Handler                         0x000003c9   Thumb Code     2  startup_tm4c123.o(.text)
    WTIMER5B_Handler                         0x000003cb   Thumb Code     2  startup_tm4c123.o(.text)
    FPU_Handler                              0x000003cd   Thumb Code     2  startup_tm4c123.o(.text)
    I2C4_Handler                             0x000003cf   Thumb Code     2  startup_tm4c123.o(.text)
    I2C5_Handler                             0x000003d1   Thumb Code     2  startup_tm4c123.o(.text)
    GPIOM_Handler                            0x000003d3   Thumb Code     2  startup_tm4c123.o(.text)
    GPION_Handler                            0x000003d5   Thumb Code     2  startup_tm4c123.o(.text)
    QEI2_Handler                             0x000003d7   Thumb Code     2  startup_tm4c123.o(.text)
    GPIOP0_Handler                           0x000003d9   Thumb Code     2  startup_tm4c123.o(.text)
    GPIOP1_Handler                           0x000003db   Thumb Code     2  startup_tm4c123.o(.text)
    GPIOP2_Handler                           0x000003dd   Thumb Code     2  startup_tm4c123.o(.text)
    GPIOP3_Handler                           0x000003df   Thumb Code     2  startup_tm4c123.o(.text)
    GPIOP4_Handler                           0x000003e1   Thumb Code     2  startup_tm4c123.o(.text)
    GPIOP5_Handler                           0x000003e3   Thumb Code     2  startup_tm4c123.o(.text)
    GPIOP6_Handler                           0x000003e5   Thumb Code     2  startup_tm4c123.o(.text)
    GPIOP7_Handler                           0x000003e7   Thumb Code     2  startup_tm4c123.o(.text)
    GPIOQ0_Handler                           0x000003e9   Thumb Code     2  startup_tm4c123.o(.text)
    GPIOQ1_Handler                           0x000003eb   Thumb Code     2  startup_tm4c123.o(.text)
    GPIOQ2_Handler                           0x000003ed   Thumb Code     2  startup_tm4c123.o(.text)
    GPIOQ3_Handler                           0x000003ef   Thumb Code     2  startup_tm4c123.o(.text)
    GPIOQ4_Handler                           0x000003f1   Thumb Code     2  startup_tm4c123.o(.text)
    GPIOQ5_Handler                           0x000003f3   Thumb Code     2  startup_tm4c123.o(.text)
    GPIOQ6_Handler                           0x000003f5   Thumb Code     2  startup_tm4c123.o(.text)
    GPIOQ7_Handler                           0x000003f7   Thumb Code     2  startup_tm4c123.o(.text)
    GPIOR_Handler                            0x000003f9   Thumb Code     2  startup_tm4c123.o(.text)
    GPIOS_Handler                            0x000003fb   Thumb Code     2  startup_tm4c123.o(.text)
    PMW1_0_Handler                           0x000003fd   Thumb Code     2  startup_tm4c123.o(.text)
    PWM1_1_Handler                           0x000003ff   Thumb Code     2  startup_tm4c123.o(.text)
    PWM1_2_Handler                           0x00000401   Thumb Code     2  startup_tm4c123.o(.text)
    PWM1_3_Handler                           0x00000403   Thumb Code     2  startup_tm4c123.o(.text)
    PWM1_FAULT_Handler                       0x00000405   Thumb Code     2  startup_tm4c123.o(.text)
    __user_initial_stackheap                 0x00000409   Thumb Code     0  startup_tm4c123.o(.text)
    __2sprintf                               0x00000429   Thumb Code    34  noretval__2sprintf.o(.text)
    _printf_int_dec                          0x00000451   Thumb Code   104  _printf_dec.o(.text)
    __printf                                 0x000004c9   Thumb Code   184  __printf_ss.o(.text)
    __use_two_region_memory                  0x00000581   Thumb Code     2  heapauxi.o(.text)
    __rt_heap_escrow$2region                 0x00000583   Thumb Code     2  heapauxi.o(.text)
    __rt_heap_expand$2region                 0x00000585   Thumb Code     2  heapauxi.o(.text)
    _printf_int_common                       0x00000587   Thumb Code   178  _printf_intcommon.o(.text)
    _printf_char_common                      0x00000643   Thumb Code    32  _printf_char_common.o(.text)
    _sputc                                   0x00000669   Thumb Code    10  _sputc.o(.text)
    __user_setup_stackheap                   0x00000673   Thumb Code    74  sys_stackheap_outer.o(.text)
    exit                                     0x000006bd   Thumb Code    18  exit.o(.text)
    __user_libspace                          0x000006d1   Thumb Code     8  libspace.o(.text)
    __user_perproc_libspace                  0x000006d1   Thumb Code     0  libspace.o(.text)
    __user_perthread_libspace                0x000006d1   Thumb Code     0  libspace.o(.text)
    _sys_exit                                0x000006d9   Thumb Code     8  sys_exit.o(.text)
    __I$use$semihosting                      0x000006e5   Thumb Code     0  use_no_semi.o(.text)
    __use_no_semihosting_swi                 0x000006e5   Thumb Code     2  use_no_semi.o(.text)
    __semihosting_library_function           0x000006e7   Thumb Code     0  indicate_semi.o(.text)
    ADC0_Init                                0x000006e9   Thumb Code    86  b_m_o_current_sense.o(.text.ADC0_Init)
    ADC0_Read                                0x00000741   Thumb Code    56  b_m_o_current_sense.o(.text.ADC0_Read)
    GPIO_Init                                0x00000779   Thumb Code   220  b_m_o_current_sense.o(.text.GPIO_Init)
    PLL_Init                                 0x00000855   Thumb Code    90  b_m_o_current_sense.o(.text.PLL_Init)
    SystemInit                               0x000008b1   Thumb Code   112  system_tm4c123.o(.text.SystemInit)
    TIMER0A_Handler                          0x00000921   Thumb Code   104  b_m_o_current_sense.o(.text.TIMER0A_Handler)
    TIMER1A_Handler                          0x00000989   Thumb Code    78  b_m_o_current_sense.o(.text.TIMER1A_Handler)
    TIMER1B_Handler                          0x000009d9   Thumb Code    80  b_m_o_current_sense.o(.text.TIMER1B_Handler)
    TIMER2A_Handler                          0x00000a29   Thumb Code    30  b_m_o_current_sense.o(.text.TIMER2A_Handler)
    TIMER3A_Handler                          0x00000a49   Thumb Code    30  b_m_o_current_sense.o(.text.TIMER3A_Handler)
    Timer0A_50Hz_Init                        0x00000a69   Thumb Code    78  b_m_o_current_sense.o(.text.Timer0A_50Hz_Init)
    Timer1_Capture_Init                      0x00000ab9   Thumb Code   124  b_m_o_current_sense.o(.text.Timer1_Capture_Init)
    Timer2A_Pulse2_Init                      0x00000b35   Thumb Code    58  b_m_o_current_sense.o(.text.Timer2A_Pulse2_Init)
    Timer3A_Pulse1_Init                      0x00000b71   Thumb Code    54  b_m_o_current_sense.o(.text.Timer3A_Pulse1_Init)
    UART0_Init                               0x00000ba9   Thumb Code   120  b_m_o_current_sense.o(.text.UART0_Init)
    UART0_SendChar                           0x00000c21   Thumb Code    18  b_m_o_current_sense.o(.text.UART0_SendChar)
    UART0_SendString                         0x00000c35   Thumb Code    28  b_m_o_current_sense.o(.text.UART0_SendString)
    computeRPM                               0x00000c51   Thumb Code    56  b_m_o_current_sense.o(.text.computeRPM)
    main                                     0x00000c89   Thumb Code   556  b_m_o_current_sense.o(.text.main)
    readCurrent                              0x00000eb5   Thumb Code     8  b_m_o_current_sense.o(.text.readCurrent)
    set_pulse1_us                            0x00000ebd   Thumb Code    32  b_m_o_current_sense.o(.text.set_pulse1_us)
    set_pulse2_us                            0x00000edd   Thumb Code    32  b_m_o_current_sense.o(.text.set_pulse2_us)
    _fp_init                                 0x00000efd   Thumb Code    26  fpinit.o(x$fpl$fpinit)
    __fplib_config_fpu_vfp                   0x00000f15   Thumb Code     0  fpinit.o(x$fpl$fpinit)
    __fplib_config_pureend_doubles           0x00000f15   Thumb Code     0  fpinit.o(x$fpl$fpinit)
    Region$$Table$$Base                      0x00000f18   Number         0  anon$$obj.o(Region$$Table)
    Region$$Table$$Limit                     0x00000f38   Number         0  anon$$obj.o(Region$$Table)
    pulse1_us                                0x20000000   Data           4  b_m_o_current_sense.o(.data.pulse1_us)
    pulse2_us                                0x20000004   Data           4  b_m_o_current_sense.o(.data.pulse2_us)
    __libspace_start                         0x20000008   Data          96  libspace.o(.bss)
    __temporary_stack_top$libspace           0x20000068   Data           0  libspace.o(.bss)
    current1                                 0x20000070   Data           4  b_m_o_current_sense.o(.bss.current1)
    current1_f                               0x20000074   Data           4  b_m_o_current_sense.o(.bss.current1_f)
    current2                                 0x20000078   Data           4  b_m_o_current_sense.o(.bss.current2)
    current2_f                               0x2000007c   Data           4  b_m_o_current_sense.o(.bss.current2_f)
    newPeriod1                               0x20000080   Data           1  b_m_o_current_sense.o(.bss.newPeriod1)
    newPeriod2                               0x20000081   Data           1  b_m_o_current_sense.o(.bss.newPeriod2)
    period1_ticks                            0x20000084   Data           4  b_m_o_current_sense.o(.bss.period1_ticks)
    period2_ticks                            0x20000088   Data           4  b_m_o_current_sense.o(.bss.period2_ticks)
    rpm1                                     0x2000008c   Data           4  b_m_o_current_sense.o(.bss.rpm1)
    rpm2                                     0x20000090   Data           4  b_m_o_current_sense.o(.bss.rpm2)



==============================================================================

Memory Map of the image

  Image Entry point : 0x00000315

  Load Region LR_1 (Base: 0x00000000, Size: 0x00000f40, Max: 0xffffffff, ABSOLUTE)

    Execution Region ER_RO (Exec base: 0x00000000, Load base: 0x00000000, Size: 0x00000f38, Max: 0xffffffff, ABSOLUTE)

    Exec Addr    Load Addr    Size         Type   Attr      Idx    E Section Name        Object

    0x00000000   0x00000000   0x0000026c   Data   RO           70    RESET               startup_tm4c123.o
    0x0000026c   0x0000026c   0x00000008   Code   RO          127  * !!!main             c_w.l(__main.o)
    0x00000274   0x00000274   0x00000034   Code   RO          299    !!!scatter          c_w.l(__scatter.o)
    0x000002a8   0x000002a8   0x0000001a   Code   RO          301    !!handler_copy      c_w.l(__scatter_copy.o)
    0x000002c2   0x000002c2   0x00000002   PAD
    0x000002c4   0x000002c4   0x0000001c   Code   RO          303    !!handler_zi        c_w.l(__scatter_zi.o)
    0x000002e0   0x000002e0   0x00000000   Code   RO          124    .ARM.Collect$$_printf_percent$$00000000  c_w.l(_printf_percent.o)
    0x000002e0   0x000002e0   0x00000006   Code   RO          123    .ARM.Collect$$_printf_percent$$0000000A  c_w.l(_printf_u.o)
    0x000002e6   0x000002e6   0x00000004   Code   RO          136    .ARM.Collect$$_printf_percent$$00000017  c_w.l(_printf_percent_end.o)
    0x000002ea   0x000002ea   0x00000002   Code   RO          163    .ARM.Collect$$libinit$$00000000  c_w.l(libinit.o)
    0x000002ec   0x000002ec   0x00000004   Code   RO          169    .ARM.Collect$$libinit$$00000001  c_w.l(libinit2.o)
    0x000002f0   0x000002f0   0x00000000   Code   RO          172    .ARM.Collect$$libinit$$00000004  c_w.l(libinit2.o)
    0x000002f0   0x000002f0   0x00000000   Code   RO          175    .ARM.Collect$$libinit$$0000000A  c_w.l(libinit2.o)
    0x000002f0   0x000002f0   0x00000000   Code   RO          177    .ARM.Collect$$libinit$$0000000C  c_w.l(libinit2.o)
    0x000002f0   0x000002f0   0x00000000   Code   RO          179    .ARM.Collect$$libinit$$0000000E  c_w.l(libinit2.o)
    0x000002f0   0x000002f0   0x00000000   Code   RO          182    .ARM.Collect$$libinit$$00000011  c_w.l(libinit2.o)
    0x000002f0   0x000002f0   0x00000000   Code   RO          184    .ARM.Collect$$libinit$$00000013  c_w.l(libinit2.o)
    0x000002f0   0x000002f0   0x00000000   Code   RO          186    .ARM.Collect$$libinit$$00000015  c_w.l(libinit2.o)
    0x000002f0   0x000002f0   0x00000000   Code   RO          188    .ARM.Collect$$libinit$$00000017  c_w.l(libinit2.o)
    0x000002f0   0x000002f0   0x00000000   Code   RO          190    .ARM.Collect$$libinit$$00000019  c_w.l(libinit2.o)
    0x000002f0   0x000002f0   0x00000000   Code   RO          192    .ARM.Collect$$libinit$$0000001B  c_w.l(libinit2.o)
    0x000002f0   0x000002f0   0x00000000   Code   RO          194    .ARM.Collect$$libinit$$0000001D  c_w.l(libinit2.o)
    0x000002f0   0x000002f0   0x00000000   Code   RO          196    .ARM.Collect$$libinit$$0000001F  c_w.l(libinit2.o)
    0x000002f0   0x000002f0   0x00000000   Code   RO          198    .ARM.Collect$$libinit$$00000021  c_w.l(libinit2.o)
    0x000002f0   0x000002f0   0x00000000   Code   RO          200    .ARM.Collect$$libinit$$00000023  c_w.l(libinit2.o)
    0x000002f0   0x000002f0   0x00000000   Code   RO          202    .ARM.Collect$$libinit$$00000025  c_w.l(libinit2.o)
    0x000002f0   0x000002f0   0x00000000   Code   RO          206    .ARM.Collect$$libinit$$0000002C  c_w.l(libinit2.o)
    0x000002f0   0x000002f0   0x00000000   Code   RO          208    .ARM.Collect$$libinit$$0000002E  c_w.l(libinit2.o)
    0x000002f0   0x000002f0   0x00000000   Code   RO          210    .ARM.Collect$$libinit$$00000030  c_w.l(libinit2.o)
    0x000002f0   0x000002f0   0x00000000   Code   RO          212    .ARM.Collect$$libinit$$00000032  c_w.l(libinit2.o)
    0x000002f0   0x000002f0   0x00000002   Code   RO          213    .ARM.Collect$$libinit$$00000033  c_w.l(libinit2.o)
    0x000002f2   0x000002f2   0x00000002   Code   RO          235    .ARM.Collect$$libshutdown$$00000000  c_w.l(libshutdown.o)
    0x000002f4   0x000002f4   0x00000000   Code   RO          250    .ARM.Collect$$libshutdown$$00000002  c_w.l(libshutdown2.o)
    0x000002f4   0x000002f4   0x00000000   Code   RO          252    .ARM.Collect$$libshutdown$$00000004  c_w.l(libshutdown2.o)
    0x000002f4   0x000002f4   0x00000000   Code   RO          255    .ARM.Collect$$libshutdown$$00000007  c_w.l(libshutdown2.o)
    0x000002f4   0x000002f4   0x00000000   Code   RO          258    .ARM.Collect$$libshutdown$$0000000A  c_w.l(libshutdown2.o)
    0x000002f4   0x000002f4   0x00000000   Code   RO          260    .ARM.Collect$$libshutdown$$0000000C  c_w.l(libshutdown2.o)
    0x000002f4   0x000002f4   0x00000000   Code   RO          263    .ARM.Collect$$libshutdown$$0000000F  c_w.l(libshutdown2.o)
    0x000002f4   0x000002f4   0x00000002   Code   RO          264    .ARM.Collect$$libshutdown$$00000010  c_w.l(libshutdown2.o)
    0x000002f6   0x000002f6   0x00000000   Code   RO          129    .ARM.Collect$$rtentry$$00000000  c_w.l(__rtentry.o)
    0x000002f6   0x000002f6   0x00000000   Code   RO          138    .ARM.Collect$$rtentry$$00000002  c_w.l(__rtentry2.o)
    0x000002f6   0x000002f6   0x00000006   Code   RO          150    .ARM.Collect$$rtentry$$00000004  c_w.l(__rtentry4.o)
    0x000002fc   0x000002fc   0x00000000   Code   RO          140    .ARM.Collect$$rtentry$$00000009  c_w.l(__rtentry2.o)
    0x000002fc   0x000002fc   0x00000004   Code   RO          141    .ARM.Collect$$rtentry$$0000000A  c_w.l(__rtentry2.o)
    0x00000300   0x00000300   0x00000000   Code   RO          143    .ARM.Collect$$rtentry$$0000000C  c_w.l(__rtentry2.o)
    0x00000300   0x00000300   0x00000008   Code   RO          144    .ARM.Collect$$rtentry$$0000000D  c_w.l(__rtentry2.o)
    0x00000308   0x00000308   0x00000002   Code   RO          167    .ARM.Collect$$rtexit$$00000000  c_w.l(rtexit.o)
    0x0000030a   0x0000030a   0x00000000   Code   RO          215    .ARM.Collect$$rtexit$$00000002  c_w.l(rtexit2.o)
    0x0000030a   0x0000030a   0x00000004   Code   RO          216    .ARM.Collect$$rtexit$$00000003  c_w.l(rtexit2.o)
    0x0000030e   0x0000030e   0x00000006   Code   RO          217    .ARM.Collect$$rtexit$$00000004  c_w.l(rtexit2.o)
    0x00000314   0x00000314   0x00000114   Code   RO           71  * .text               startup_tm4c123.o
    0x00000428   0x00000428   0x00000028   Code   RO           97    .text               c_w.l(noretval__2sprintf.o)
    0x00000450   0x00000450   0x00000078   Code   RO          101    .text               c_w.l(_printf_dec.o)
    0x000004c8   0x000004c8   0x000000b8   Code   RO          106    .text               c_w.l(__printf_ss.o)
    0x00000580   0x00000580   0x00000006   Code   RO          125    .text               c_w.l(heapauxi.o)
    0x00000586   0x00000586   0x000000b2   Code   RO          130    .text               c_w.l(_printf_intcommon.o)
    0x00000638   0x00000638   0x00000030   Code   RO          132    .text               c_w.l(_printf_char_common.o)
    0x00000668   0x00000668   0x0000000a   Code   RO          134    .text               c_w.l(_sputc.o)
    0x00000672   0x00000672   0x0000004a   Code   RO          154    .text               c_w.l(sys_stackheap_outer.o)
    0x000006bc   0x000006bc   0x00000012   Code   RO          156    .text               c_w.l(exit.o)
    0x000006ce   0x000006ce   0x00000002   PAD
    0x000006d0   0x000006d0   0x00000008   Code   RO          164    .text               c_w.l(libspace.o)
    0x000006d8   0x000006d8   0x0000000c   Code   RO          225    .text               c_w.l(sys_exit.o)
    0x000006e4   0x000006e4   0x00000002   Code   RO          240    .text               c_w.l(use_no_semi.o)
    0x000006e6   0x000006e6   0x00000000   Code   RO          242    .text               c_w.l(indicate_semi.o)
    0x000006e6   0x000006e6   0x00000002   PAD
    0x000006e8   0x000006e8   0x00000056   Code   RO            8    .text.ADC0_Init     b_m_o_current_sense.o
    0x0000073e   0x0000073e   0x00000002   PAD
    0x00000740   0x00000740   0x00000038   Code   RO           26    .text.ADC0_Read     b_m_o_current_sense.o
    0x00000778   0x00000778   0x000000dc   Code   RO            6    .text.GPIO_Init     b_m_o_current_sense.o
    0x00000854   0x00000854   0x0000005a   Code   RO            4    .text.PLL_Init      b_m_o_current_sense.o
    0x000008ae   0x000008ae   0x00000002   PAD
    0x000008b0   0x000008b0   0x00000070   Code   RO           82    .text.SystemInit    system_tm4c123.o
    0x00000920   0x00000920   0x00000068   Code   RO           36    .text.TIMER0A_Handler  b_m_o_current_sense.o
    0x00000988   0x00000988   0x0000004e   Code   RO           42    .text.TIMER1A_Handler  b_m_o_current_sense.o
    0x000009d6   0x000009d6   0x00000002   PAD
    0x000009d8   0x000009d8   0x00000050   Code   RO           44    .text.TIMER1B_Handler  b_m_o_current_sense.o
    0x00000a28   0x00000a28   0x0000001e   Code   RO           40    .text.TIMER2A_Handler  b_m_o_current_sense.o
    0x00000a46   0x00000a46   0x00000002   PAD
    0x00000a48   0x00000a48   0x0000001e   Code   RO           38    .text.TIMER3A_Handler  b_m_o_current_sense.o
    0x00000a66   0x00000a66   0x00000002   PAD
    0x00000a68   0x00000a68   0x0000004e   Code   RO           18    .text.Timer0A_50Hz_Init  b_m_o_current_sense.o
    0x00000ab6   0x00000ab6   0x00000002   PAD
    0x00000ab8   0x00000ab8   0x0000007c   Code   RO           12    .text.Timer1_Capture_Init  b_m_o_current_sense.o
    0x00000b34   0x00000b34   0x0000003a   Code   RO           16    .text.Timer2A_Pulse2_Init  b_m_o_current_sense.o
    0x00000b6e   0x00000b6e   0x00000002   PAD
    0x00000b70   0x00000b70   0x00000036   Code   RO           14    .text.Timer3A_Pulse1_Init  b_m_o_current_sense.o
    0x00000ba6   0x00000ba6   0x00000002   PAD
    0x00000ba8   0x00000ba8   0x00000078   Code   RO           10    .text.UART0_Init    b_m_o_current_sense.o
    0x00000c20   0x00000c20   0x00000012   Code   RO           34    .text.UART0_SendChar  b_m_o_current_sense.o
    0x00000c32   0x00000c32   0x00000002   PAD
    0x00000c34   0x00000c34   0x0000001c   Code   RO           32    .text.UART0_SendString  b_m_o_current_sense.o
    0x00000c50   0x00000c50   0x00000038   Code   RO           28    .text.computeRPM    b_m_o_current_sense.o
    0x00000c88   0x00000c88   0x0000022c   Code   RO            2    .text.main          b_m_o_current_sense.o
    0x00000eb4   0x00000eb4   0x00000008   Code   RO           30    .text.readCurrent   b_m_o_current_sense.o
    0x00000ebc   0x00000ebc   0x00000020   Code   RO           20    .text.set_pulse1_us  b_m_o_current_sense.o
    0x00000edc   0x00000edc   0x00000020   Code   RO           22    .text.set_pulse2_us  b_m_o_current_sense.o
    0x00000efc   0x00000efc   0x0000001a   Code   RO          223    x$fpl$fpinit        fz_wm.l(fpinit.o)
    0x00000f16   0x00000f16   0x00000002   PAD
    0x00000f18   0x00000f18   0x00000020   Data   RO          298    Region$$Table       anon$$obj.o


    Execution Region ER_RW (Exec base: 0x20000000, Load base: 0x00000f38, Size: 0x00000008, Max: 0xffffffff, ABSOLUTE)

    Exec Addr    Load Addr    Size         Type   Attr      Idx    E Section Name        Object

    0x20000000   0x00000f38   0x00000004   Data   RW           46    .data.pulse1_us     b_m_o_current_sense.o
    0x20000004   0x00000f3c   0x00000004   Data   RW           47    .data.pulse2_us     b_m_o_current_sense.o


    Execution Region ER_ZI (Exec base: 0x20000008, Load base: 0x00000f40, Size: 0x00000290, Max: 0xffffffff, ABSOLUTE)

    Exec Addr    Load Addr    Size         Type   Attr      Idx    E Section Name        Object

    0x20000008        -       0x00000060   Zero   RW          165    .bss                c_w.l(libspace.o)
    0x20000068        -       0x00000004   Zero   RW           58    .bss.TIMER1A_Handler.lastCap1  b_m_o_current_sense.o
    0x2000006c        -       0x00000004   Zero   RW           59    .bss.TIMER1B_Handler.lastCap2  b_m_o_current_sense.o
    0x20000070        -       0x00000004   Zero   RW           54    .bss.current1       b_m_o_current_sense.o
    0x20000074        -       0x00000004   Zero   RW           56    .bss.current1_f     b_m_o_current_sense.o
    0x20000078        -       0x00000004   Zero   RW           55    .bss.current2       b_m_o_current_sense.o
    0x2000007c        -       0x00000004   Zero   RW           57    .bss.current2_f     b_m_o_current_sense.o
    0x20000080        -       0x00000001   Zero   RW           52    .bss.newPeriod1     b_m_o_current_sense.o
    0x20000081        -       0x00000001   Zero   RW           53    .bss.newPeriod2     b_m_o_current_sense.o
    0x20000082   0x00000f40   0x00000002   PAD
    0x20000084        -       0x00000004   Zero   RW           50    .bss.period1_ticks  b_m_o_current_sense.o
    0x20000088        -       0x00000004   Zero   RW           51    .bss.period2_ticks  b_m_o_current_sense.o
    0x2000008c        -       0x00000004   Zero   RW           48    .bss.rpm1           b_m_o_current_sense.o
    0x20000090        -       0x00000004   Zero   RW           49    .bss.rpm2           b_m_o_current_sense.o
    0x20000094   0x00000f40   0x00000004   PAD
    0x20000098        -       0x00000000   Zero   RW           69    HEAP                startup_tm4c123.o
    0x20000098        -       0x00000200   Zero   RW           68    STACK               startup_tm4c123.o


==============================================================================

Image component sizes


      Code (inc. data)   RO Data    RW Data    ZI Data      Debug   Object Name

      1938         64          0          8         42      12551   b_m_o_current_sense.o
       276         24        620          0        512       5472   startup_tm4c123.o
       112          0          0          0          0       6529   system_tm4c123.o

    ----------------------------------------------------------------------
      2344         88        652          8        560      24552   Object Totals
         0          0         32          0          0          0   (incl. Generated)
        18          0          0          0          6          0   (incl. Padding)

    ----------------------------------------------------------------------

      Code (inc. data)   RO Data    RW Data    ZI Data      Debug   Library Member Name

         8          0          0          0          0         68   __main.o
       184          0          0          0          0         84   __printf_ss.o
         0          0          0          0          0          0   __rtentry.o
        12          0          0          0          0          0   __rtentry2.o
         6          0          0          0          0          0   __rtentry4.o
        52          8          0          0          0          0   __scatter.o
        26          0          0          0          0          0   __scatter_copy.o
        28          0          0          0          0          0   __scatter_zi.o
        48          6          0          0          0         96   _printf_char_common.o
       120         16          0          0          0         92   _printf_dec.o
       178          0          0          0          0         88   _printf_intcommon.o
         0          0          0          0          0          0   _printf_percent.o
         4          0          0          0          0          0   _printf_percent_end.o
         6          0          0          0          0          0   _printf_u.o
        10          0          0          0          0         68   _sputc.o
        18          0          0          0          0         80   exit.o
         6          0          0          0          0        152   heapauxi.o
         0          0          0          0          0          0   indicate_semi.o
         2          0          0          0          0          0   libinit.o
         6          0          0          0          0          0   libinit2.o
         2          0          0          0          0          0   libshutdown.o
         2          0          0          0          0          0   libshutdown2.o
         8          4          0          0         96         68   libspace.o
        40          6          0          0          0         84   noretval__2sprintf.o
         2          0          0          0          0          0   rtexit.o
        10          0          0          0          0          0   rtexit2.o
        12          4          0          0          0         68   sys_exit.o
        74          0          0          0          0         80   sys_stackheap_outer.o
         2          0          0          0          0         68   use_no_semi.o
        26          0          0          0          0        116   fpinit.o

    ----------------------------------------------------------------------
       900         44          0          0         96       1212   Library Totals
         8          0          0          0          0          0   (incl. Padding)

    ----------------------------------------------------------------------

      Code (inc. data)   RO Data    RW Data    ZI Data      Debug   Library Name

       866         44          0          0         96       1096   c_w.l
        26          0          0          0          0        116   fz_wm.l

    ----------------------------------------------------------------------
       900         44          0          0         96       1212   Library Totals

    ----------------------------------------------------------------------

==============================================================================


      Code (inc. data)   RO Data    RW Data    ZI Data      Debug   

      3244        132        652          8        656      25280   Grand Totals
      3244        132        652          8        656      25280   ELF Image Totals
      3244        132        652          8          0          0   ROM Totals

==============================================================================

    Total RO  Size (Code + RO Data)                 3896 (   3.80kB)
    Total RW  Size (RW Data + ZI Data)               664 (   0.65kB)
    Total ROM Size (Code + RO Data + RW Data)       3904 (   3.81kB)

==============================================================================

